Archive member included to satisfy reference by file (symbol)

c:/progra~2/gnuarm~1/102021~1.10/bin/../lib/gcc/arm-none-eabi/10.3.1/thumb/v6-m/nofp\libgcc.a(_dvmd_tls.o)
                              CMakeFiles/compass.dir/C_/VSRAM/pico/pico-sdk/src/rp2_common/pico_divider/divider.S.obj (__aeabi_idiv0)
c:/progra~2/gnuarm~1/102021~1.10/bin/../lib/gcc/arm-none-eabi/10.3.1/../../../../arm-none-eabi/lib/thumb/v6-m/nofp\libc.a(lib_a-calloc.o)
                              CMakeFiles/compass.dir/C_/VSRAM/pico/pico-sdk/src/rp2_common/pico_malloc/pico_malloc.c.obj (calloc)
c:/progra~2/gnuarm~1/102021~1.10/bin/../lib/gcc/arm-none-eabi/10.3.1/../../../../arm-none-eabi/lib/thumb/v6-m/nofp\libc.a(lib_a-callocr.o)
                              c:/progra~2/gnuarm~1/102021~1.10/bin/../lib/gcc/arm-none-eabi/10.3.1/../../../../arm-none-eabi/lib/thumb/v6-m/nofp\libc.a(lib_a-calloc.o) (_calloc_r)
c:/progra~2/gnuarm~1/102021~1.10/bin/../lib/gcc/arm-none-eabi/10.3.1/../../../../arm-none-eabi/lib/thumb/v6-m/nofp\libc.a(lib_a-errno.o)
                              c:/progra~2/gnuarm~1/102021~1.10/bin/../lib/gcc/arm-none-eabi/10.3.1/../../../../arm-none-eabi/lib/thumb/v6-m/nofp\libc.a(lib_a-callocr.o) (__errno)
c:/progra~2/gnuarm~1/102021~1.10/bin/../lib/gcc/arm-none-eabi/10.3.1/../../../../arm-none-eabi/lib/thumb/v6-m/nofp\libc.a(lib_a-impure.o)
                              CMakeFiles/compass.dir/compass.c.obj (_impure_ptr)
c:/progra~2/gnuarm~1/102021~1.10/bin/../lib/gcc/arm-none-eabi/10.3.1/../../../../arm-none-eabi/lib/thumb/v6-m/nofp\libc.a(lib_a-init.o)
                              c:/progra~2/gnuarm~1/102021~1.10/bin/../lib/gcc/arm-none-eabi/10.3.1/../../../../arm-none-eabi/lib/thumb/v6-m/nofp/crt0.o (__libc_init_array)
c:/progra~2/gnuarm~1/102021~1.10/bin/../lib/gcc/arm-none-eabi/10.3.1/../../../../arm-none-eabi/lib/thumb/v6-m/nofp\libc.a(lib_a-malloc.o)
                              CMakeFiles/compass.dir/C_/VSRAM/pico/pico-sdk/src/rp2_common/pico_malloc/pico_malloc.c.obj (malloc)
c:/progra~2/gnuarm~1/102021~1.10/bin/../lib/gcc/arm-none-eabi/10.3.1/../../../../arm-none-eabi/lib/thumb/v6-m/nofp\libc.a(lib_a-mallocr.o)
                              c:/progra~2/gnuarm~1/102021~1.10/bin/../lib/gcc/arm-none-eabi/10.3.1/../../../../arm-none-eabi/lib/thumb/v6-m/nofp\libc.a(lib_a-callocr.o) (_malloc_r)
c:/progra~2/gnuarm~1/102021~1.10/bin/../lib/gcc/arm-none-eabi/10.3.1/../../../../arm-none-eabi/lib/thumb/v6-m/nofp\libc.a(lib_a-mlock.o)
                              c:/progra~2/gnuarm~1/102021~1.10/bin/../lib/gcc/arm-none-eabi/10.3.1/../../../../arm-none-eabi/lib/thumb/v6-m/nofp\libc.a(lib_a-mallocr.o) (__malloc_lock)
c:/progra~2/gnuarm~1/102021~1.10/bin/../lib/gcc/arm-none-eabi/10.3.1/../../../../arm-none-eabi/lib/thumb/v6-m/nofp\libc.a(lib_a-sbrkr.o)
                              c:/progra~2/gnuarm~1/102021~1.10/bin/../lib/gcc/arm-none-eabi/10.3.1/../../../../arm-none-eabi/lib/thumb/v6-m/nofp\libc.a(lib_a-mallocr.o) (_sbrk_r)
c:/progra~2/gnuarm~1/102021~1.10/bin/../lib/gcc/arm-none-eabi/10.3.1/../../../../arm-none-eabi/lib/thumb/v6-m/nofp\libc.a(lib_a-setvbuf.o)
                              CMakeFiles/compass.dir/compass.c.obj (setvbuf)
c:/progra~2/gnuarm~1/102021~1.10/bin/../lib/gcc/arm-none-eabi/10.3.1/../../../../arm-none-eabi/lib/thumb/v6-m/nofp\libc.a(lib_a-strlen-stub.o)
                              CMakeFiles/compass.dir/C_/VSRAM/pico/pico-sdk/src/rp2_common/pico_stdio/stdio.c.obj (strlen)
c:/progra~2/gnuarm~1/102021~1.10/bin/../lib/gcc/arm-none-eabi/10.3.1/../../../../arm-none-eabi/lib/thumb/v6-m/nofp\libc.a(lib_a-fflush.o)
                              c:/progra~2/gnuarm~1/102021~1.10/bin/../lib/gcc/arm-none-eabi/10.3.1/../../../../arm-none-eabi/lib/thumb/v6-m/nofp\libc.a(lib_a-setvbuf.o) (_fflush_r)
c:/progra~2/gnuarm~1/102021~1.10/bin/../lib/gcc/arm-none-eabi/10.3.1/../../../../arm-none-eabi/lib/thumb/v6-m/nofp\libc.a(lib_a-findfp.o)
                              c:/progra~2/gnuarm~1/102021~1.10/bin/../lib/gcc/arm-none-eabi/10.3.1/../../../../arm-none-eabi/lib/thumb/v6-m/nofp\libc.a(lib_a-setvbuf.o) (__sinit)
c:/progra~2/gnuarm~1/102021~1.10/bin/../lib/gcc/arm-none-eabi/10.3.1/../../../../arm-none-eabi/lib/thumb/v6-m/nofp\libc.a(lib_a-freer.o)
                              c:/progra~2/gnuarm~1/102021~1.10/bin/../lib/gcc/arm-none-eabi/10.3.1/../../../../arm-none-eabi/lib/thumb/v6-m/nofp\libc.a(lib_a-malloc.o) (_free_r)
c:/progra~2/gnuarm~1/102021~1.10/bin/../lib/gcc/arm-none-eabi/10.3.1/../../../../arm-none-eabi/lib/thumb/v6-m/nofp\libc.a(lib_a-fwalk.o)
                              c:/progra~2/gnuarm~1/102021~1.10/bin/../lib/gcc/arm-none-eabi/10.3.1/../../../../arm-none-eabi/lib/thumb/v6-m/nofp\libc.a(lib_a-findfp.o) (_fwalk)
c:/progra~2/gnuarm~1/102021~1.10/bin/../lib/gcc/arm-none-eabi/10.3.1/../../../../arm-none-eabi/lib/thumb/v6-m/nofp\libc.a(lib_a-lock.o)
[...]
Memory Configuration

Name             Origin             Length             Attributes
FLASH            0x10000000         0x00200000         xr
RAM              0x20000000         0x00040000         xrw
SCRATCH_X        0x20040000         0x00001000         xrw
SCRATCH_Y        0x20041000         0x00001000         xrw
*default*        0x00000000         0xffffffff

Linker script and memory map

LOAD c:/progra~2/gnuarm~1/102021~1.10/bin/../lib/gcc/arm-none-eabi/10.3.1/thumb/v6-m/nofp/crti.o
LOAD c:/progra~2/gnuarm~1/102021~1.10/bin/../lib/gcc/arm-none-eabi/10.3.1/thumb/v6-m/nofp/crtbegin.o
LOAD c:/progra~2/gnuarm~1/102021~1.10/bin/../lib/gcc/arm-none-eabi/10.3.1/../../../../arm-none-eabi/lib/thumb/v6-m/nofp/crt0.o

.flash_begin    0x10000000        0x0
                0x10000000                __flash_binary_start = .

.boot2          0x10000000      0x100
                0x10000000                __boot2_start__ = .
 *(.boot2)
 .boot2         0x10000000      0x100 C:\Users\james\AppData\Local\Temp\ccU2mbvx.o
                0x10000100                __boot2_end__ = .
                0x00000001                ASSERT (((__boot2_end__ - __boot2_start__) == 0x100), ERROR: Pico second stage bootloader must be 256 bytes in size)

.text           0x10000100     0x6958
                0x10000100                __logical_binary_start = .
 *(.vectors)
 .vectors       0x10000100       0xd4 CMakeFiles/compass.dir/C_/VSRAM/pico/pico-sdk/src/rp2_common/pico_standard_link/crt0.S.obj
                0x10000100                __VECTOR_TABLE
                0x10000100                __vectors
                0x100001c0                isr_invalid
                0x100001c0                __default_isrs_start
                0x100001c2                isr_nmi
                0x100001c4                isr_hardfault
                0x100001c6                isr_svcall
                0x100001c8                isr_pendsv
                0x100001ca                isr_systick
                0x100001cc                isr_irq23
                0x100001cc                isr_irq18
                0x100001cc                isr_irq11
                0x100001cc                isr_irq28
                0x100001cc                isr_irq19
                0x100001cc                isr_irq0
                0x100001cc                isr_irq6
                0x100001cc                isr_irq5
                0x100001cc                isr_irq12
                0x100001cc                isr_irq22
                0x100001cc                isr_irq31
                0x100001cc                isr_irq17
                0x100001cc                isr_irq27
                0x100001cc                isr_irq30
                0x100001cc                isr_irq2
                0x100001cc                isr_irq10
                0x100001cc                isr_irq8
                0x100001cc                isr_irq24
                0x100001cc                isr_irq1
                0x100001cc                isr_irq7
                0x100001cc                isr_irq21
                0x100001cc                isr_irq20
                0x100001cc                isr_irq15
                0x100001cc                isr_irq25
                0x100001cc                isr_irq13
                0x100001cc                __unhandled_user_irq
                0x100001cc                isr_irq4
                0x100001cc                isr_irq16
                0x100001cc                isr_irq29
                0x100001cc                isr_irq26
                0x100001cc                __default_isrs_end
                0x100001cc                isr_irq3
                0x100001cc                isr_irq14
                0x100001cc                isr_irq9
                0x100001d2                unhandled_user_irq_num_in_r0
 *(.binary_info_header)
 .binary_info_header
                0x100001d4       0x14 CMakeFiles/compass.dir/C_/VSRAM/pico/pico-sdk/src/rp2_common/pico_standard_link/crt0.S.obj
                0x100001e8                __binary_info_header_end = .
 *(.reset)
 .reset         0x100001e8       0xa8 CMakeFiles/compass.dir/C_/VSRAM/pico/pico-sdk/src/rp2_common/pico_standard_link/crt0.S.obj
                0x100001e8                _entry_point
                0x10000266                __get_current_exception
 .reset         0x10000290       0x30 CMakeFiles/compass.dir/C_/VSRAM/pico/pico-sdk/src/rp2_common/pico_standard_link/binary_info.c.obj
 *(.init)
 .init          0x100002c0        0x4 c:/progra~2/gnuarm~1/102021~1.10/bin/../lib/gcc/arm-none-eabi/10.3.1/thumb/v6-m/nofp/crti.o
                0x100002c0                _init
 *(EXCLUDE_FILE(*libm.a: *libc.a:*lib_a-mem*.o *libgcc.a:) .text*)
 .text          0x100002c4       0x48 c:/progra~2/gnuarm~1/102021~1.10/bin/../lib/gcc/arm-none-eabi/10.3.1/thumb/v6-m/nofp/crtbegin.o
 .text.SetupIMU
                0x1000030c       0x68 CMakeFiles/compass.dir/compass.c.obj
                0x1000030c                SetupIMU
 .text.startup.main
                0x10000374      0x1b0 CMakeFiles/compass.dir/compass.c.obj
                0x10000374                main
 .text.ST7735_ExecuteCommandList
                0x10000524       0xa4 CMakeFiles/compass.dir/lib/st7735.c.obj
 .text.ST7735_SetAddressWindow
                0x100005c8       0xb4 CMakeFiles/compass.dir/lib/st7735.c.obj
 .text.ST7735_Init
                0x1000067c       0x58 CMakeFiles/compass.dir/lib/st7735.c.obj
                0x1000067c                ST7735_Init
 .text.ST7735_WriteString
                0x100006d4      0x14c CMakeFiles/compass.dir/lib/st7735.c.obj
                0x100006d4                ST7735_WriteString
 .text.ST7735_FillScreen
                0x10000820       0x64 CMakeFiles/compass.dir/lib/st7735.c.obj
                0x10000820                ST7735_FillScreen
 .text.DEV_Digital_Write
                0x10000884       0x14 CMakeFiles/compass.dir/lib/DEV_Config.c.obj
                0x10000884                DEV_Digital_Write
 .text.DEV_Module_Init
                0x10000898       0x84 CMakeFiles/compass.dir/lib/DEV_Config.c.obj
                0x10000898                DEV_Module_Init
 .text.icm20948GyroRead
                0x1000091c      0x1d0 CMakeFiles/compass.dir/lib/ICM20948.c.obj
                0x1000091c                icm20948GyroRead
 .text.icm20948MagRead
                0x10000aec      0x3dc CMakeFiles/compass.dir/lib/ICM20948.c.obj
                0x10000aec                icm20948MagRead
 .text.icm20948WriteSecondary
                0x10000ec8      0x16c CMakeFiles/compass.dir/lib/ICM20948.c.obj
                0x10000ec8                icm20948WriteSecondary
 .text.icm20948MagCheck
                0x10001034      0x1b8 CMakeFiles/compass.dir/lib/ICM20948.c.obj
                0x10001034                icm20948MagCheck
 .text.icm20948init
                0x100011ec      0x160 CMakeFiles/compass.dir/lib/ICM20948.c.obj
                0x100011ec                icm20948init
 .text.imuInit  0x1000134c       0x78 CMakeFiles/compass.dir/lib/ICM20948.c.obj
                0x1000134c                imuInit
 .text.hw_claim_or_assert
                0x100013c4       0x44 CMakeFiles/compass.dir/C_/VSRAM/pico/pico-sdk/src/rp2_common/hardware_claim/claim.c.obj
                0x100013c4                hw_claim_or_assert
 .text.running_on_fpga
                0x10001408       0x10 CMakeFiles/compass.dir/C_/VSRAM/pico/pico-sdk/src/rp2_common/pico_platform/platform.c.obj
                0x10001408                running_on_fpga
 .text.spin_locks_reset
                0x10001418       0x1c CMakeFiles/compass.dir/C_/VSRAM/pico/pico-sdk/src/rp2_common/hardware_sync/sync.c.obj
                0x10001418                spin_locks_reset
 .text.next_striped_spin_lock_num
                0x10001434       0x18 CMakeFiles/compass.dir/C_/VSRAM/pico/pico-sdk/src/rp2_common/hardware_sync/sync.c.obj
                0x10001434                next_striped_spin_lock_num
 .text.gpio_set_function
                0x1000144c       0x30 CMakeFiles/compass.dir/C_/VSRAM/pico/pico-sdk/src/rp2_common/hardware_gpio/gpio.c.obj
                0x1000144c                gpio_set_function
 .text.gpio_set_pulls
                0x1000147c       0x30 CMakeFiles/compass.dir/C_/VSRAM/pico/pico-sdk/src/rp2_common/hardware_gpio/gpio.c.obj
                0x1000147c                gpio_set_pulls
 .text.gpio_init
                0x100014ac       0x3c CMakeFiles/compass.dir/C_/VSRAM/pico/pico-sdk/src/rp2_common/hardware_gpio/gpio.c.obj
                0x100014ac                gpio_init
 .text.spi_init
                0x100014e8       0xf8 CMakeFiles/compass.dir/C_/VSRAM/pico/pico-sdk/src/rp2_common/hardware_spi/spi.c.obj
                0x100014e8                spi_init
 .text.i2c_set_baudrate
                0x100015e0       0xc4 CMakeFiles/compass.dir/C_/VSRAM/pico/pico-sdk/src/rp2_common/hardware_i2c/i2c.c.obj
                0x100015e0                i2c_set_baudrate
 .text.i2c_init
                0x100016a4       0x54 CMakeFiles/compass.dir/C_/VSRAM/pico/pico-sdk/src/rp2_common/hardware_i2c/i2c.c.obj
                0x100016a4                i2c_init
 .text.i2c_write_blocking
                0x100016f8       0xd0 CMakeFiles/compass.dir/C_/VSRAM/pico/pico-sdk/src/rp2_common/hardware_i2c/i2c.c.obj
                0x100016f8                i2c_write_blocking
 .text.i2c_read_blocking
                0x100017c8       0xac CMakeFiles/compass.dir/C_/VSRAM/pico/pico-sdk/src/rp2_common/hardware_i2c/i2c.c.obj
                0x100017c8                i2c_read_blocking
 .text.uart_init
                0x10001874       0xe0 CMakeFiles/compass.dir/C_/VSRAM/pico/pico-sdk/src/rp2_common/hardware_uart/uart.c.obj
                0x10001874                uart_init
 .text.timer_pool_entry_comparator
                0x10001954       0x34 CMakeFiles/compass.dir/C_/VSRAM/pico/pico-sdk/src/common/pico_time/time.c.obj
                0x10001954                timer_pool_entry_comparator
 .text.sleep_until_callback
                0x10001988       0x30 CMakeFiles/compass.dir/C_/VSRAM/pico/pico-sdk/src/common/pico_time/time.c.obj
 .text.add_alarm_under_lock.isra.0
                0x100019b8      0x100 CMakeFiles/compass.dir/C_/VSRAM/pico/pico-sdk/src/common/pico_time/time.c.obj
 .text.alarm_pool_alarm_callback
                0x10001ab8      0x1c8 CMakeFiles/compass.dir/C_/VSRAM/pico/pico-sdk/src/common/pico_time/time.c.obj
 .text.alarm_pool_add_alarm_at.constprop.0
                0x10001c80      0x11c CMakeFiles/compass.dir/C_/VSRAM/pico/pico-sdk/src/common/pico_time/time.c.obj
 .text.alarm_pool_init_default
                0x10001d9c       0x64 CMakeFiles/compass.dir/C_/VSRAM/pico/pico-sdk/src/common/pico_time/time.c.obj
                0x10001d9c                alarm_pool_init_default
 .text.sleep_until
                0x10001e00       0xac CMakeFiles/compass.dir/C_/VSRAM/pico/pico-sdk/src/common/pico_time/time.c.obj
                0x10001e00                sleep_until
 .text.sleep_ms
                0x10001eac       0x38 CMakeFiles/compass.dir/C_/VSRAM/pico/pico-sdk/src/common/pico_time/time.c.obj
                0x10001eac                sleep_ms
 .text.hardware_alarm_irq_handler
                0x10001ee4       0xb8 CMakeFiles/compass.dir/C_/VSRAM/pico/pico-sdk/src/rp2_common/hardware_timer/timer.c.obj
 .text.hardware_alarm_claim
                0x10001f9c       0x18 CMakeFiles/compass.dir/C_/VSRAM/pico/pico-sdk/src/rp2_common/hardware_timer/timer.c.obj
                0x10001f9c                hardware_alarm_claim
 .text.time_us_64
                0x10001fb4       0x14 CMakeFiles/compass.dir/C_/VSRAM/pico/pico-sdk/src/rp2_common/hardware_timer/timer.c.obj
                0x10001fb4                time_us_64
 .text.busy_wait_us
                0x10001fc8       0x54 CMakeFiles/compass.dir/C_/VSRAM/pico/pico-sdk/src/rp2_common/hardware_timer/timer.c.obj
                0x10001fc8                busy_wait_us
 .text.busy_wait_until
                0x1000201c       0x20 CMakeFiles/compass.dir/C_/VSRAM/pico/pico-sdk/src/rp2_common/hardware_timer/timer.c.obj
                0x1000201c                busy_wait_until
 .text.hardware_alarm_set_callback
                0x1000203c       0x8c CMakeFiles/compass.dir/C_/VSRAM/pico/pico-sdk/src/rp2_common/hardware_timer/timer.c.obj
                0x1000203c                hardware_alarm_set_callback
 .text.hardware_alarm_set_target
                0x100020c8       0xe0 CMakeFiles/compass.dir/C_/VSRAM/pico/pico-sdk/src/rp2_common/hardware_timer/timer.c.obj
                0x100020c8                hardware_alarm_set_target
 .text.hardware_alarm_cancel
                0x100021a8       0x3c CMakeFiles/compass.dir/C_/VSRAM/pico/pico-sdk/src/rp2_common/hardware_timer/timer.c.obj
                0x100021a8                hardware_alarm_cancel
 .text.lock_init
                0x100021e4       0x10 CMakeFiles/compass.dir/C_/VSRAM/pico/pico-sdk/src/common/pico_sync/lock_core.c.obj
                0x100021e4                lock_init
 .text.mutex_init
                0x100021f4       0x1c CMakeFiles/compass.dir/C_/VSRAM/pico/pico-sdk/src/common/pico_sync/mutex.c.obj
                0x100021f4                mutex_init
 .text.recursive_mutex_init
                0x10002210       0x1c CMakeFiles/compass.dir/C_/VSRAM/pico/pico-sdk/src/common/pico_sync/mutex.c.obj
                0x10002210                recursive_mutex_init
 .text.ph_merge_nodes
                0x1000222c       0x68 CMakeFiles/compass.dir/C_/VSRAM/pico/pico-sdk/src/common/pico_util/pheap.c.obj
 .text.ph_post_alloc_init
                0x10002294       0x3c CMakeFiles/compass.dir/C_/VSRAM/pico/pico-sdk/src/common/pico_util/pheap.c.obj
                0x10002294                ph_post_alloc_init
 .text.ph_merge_two_pass
                0x100022d0       0x90 CMakeFiles/compass.dir/C_/VSRAM/pico/pico-sdk/src/common/pico_util/pheap.c.obj
                0x100022d0                ph_merge_two_pass
 .text.ph_remove_any_head
                0x10002360       0xf8 CMakeFiles/compass.dir/C_/VSRAM/pico/pico-sdk/src/common/pico_util/pheap.c.obj
 .text.ph_remove_head
                0x10002458       0xfc CMakeFiles/compass.dir/C_/VSRAM/pico/pico-sdk/src/common/pico_util/pheap.c.obj
                0x10002458                ph_remove_head
 .text.ph_remove_and_free_node
                0x10002554       0x7c CMakeFiles/compass.dir/C_/VSRAM/pico/pico-sdk/src/common/pico_util/pheap.c.obj
                0x10002554                ph_remove_and_free_node
 .text.runtime_init
                0x100025d0       0xf0 CMakeFiles/compass.dir/C_/VSRAM/pico/pico-sdk/src/rp2_common/pico_runtime/runtime.c.obj
                0x100025d0                runtime_init
 .text._sbrk    0x100026c0       0x34 CMakeFiles/compass.dir/C_/VSRAM/pico/pico-sdk/src/rp2_common/pico_runtime/runtime.c.obj
                0x100026c0                _sbrk
 .text.exit     0x100026f4        0x4 CMakeFiles/compass.dir/C_/VSRAM/pico/pico-sdk/src/rp2_common/pico_runtime/runtime.c.obj
                0x100026f4                exit
 .text.panic    0x100026f8       0x30 CMakeFiles/compass.dir/C_/VSRAM/pico/pico-sdk/src/rp2_common/pico_runtime/runtime.c.obj
                0x100026f8                panic
 .text.hard_assertion_failure
                0x10002728        0xc CMakeFiles/compass.dir/C_/VSRAM/pico/pico-sdk/src/rp2_common/pico_runtime/runtime.c.obj
                0x10002728                hard_assertion_failure
 .text.clocks_init
                0x10002734      0x2bc CMakeFiles/compass.dir/C_/VSRAM/pico/pico-sdk/src/rp2_common/hardware_clocks/clocks.c.obj
                0x10002734                clocks_init
 .text.clock_get_hz
                0x100029f0        0xc CMakeFiles/compass.dir/C_/VSRAM/pico/pico-sdk/src/rp2_common/hardware_clocks/clocks.c.obj
                0x100029f0                clock_get_hz
 .text.irq_set_enabled
                0x100029fc       0x24 CMakeFiles/compass.dir/C_/VSRAM/pico/pico-sdk/src/rp2_common/hardware_irq/irq.c.obj
                0x100029fc                irq_set_enabled
 .text.irq_get_vtable_handler
                0x10002a20       0x10 CMakeFiles/compass.dir/C_/VSRAM/pico/pico-sdk/src/rp2_common/hardware_irq/irq.c.obj
                0x10002a20                irq_get_vtable_handler
 .text.irq_set_exclusive_handler
                0x10002a30       0x54 CMakeFiles/compass.dir/C_/VSRAM/pico/pico-sdk/src/rp2_common/hardware_irq/irq.c.obj
                0x10002a30                irq_set_exclusive_handler
 .text.irq_remove_handler
                0x10002a84      0x1b4 CMakeFiles/compass.dir/C_/VSRAM/pico/pico-sdk/src/rp2_common/hardware_irq/irq.c.obj
                0x10002a84                irq_remove_handler
 .text.irq_add_tail_to_free_list
                0x10002c38       0xb4 CMakeFiles/compass.dir/C_/VSRAM/pico/pico-sdk/src/rp2_common/hardware_irq/irq.c.obj
                0x10002c38                irq_add_tail_to_free_list
 .text.irq_init_priorities
                0x10002cec       0x24 CMakeFiles/compass.dir/C_/VSRAM/pico/pico-sdk/src/rp2_common/hardware_irq/irq.c.obj
                0x10002cec                irq_init_priorities
 .text.pll_init
                0x10002d10       0xa8 CMakeFiles/compass.dir/C_/VSRAM/pico/pico-sdk/src/rp2_common/hardware_pll/pll.c.obj
                0x10002d10                pll_init
 .text.watchdog_start_tick
                0x10002db8       0x10 CMakeFiles/compass.dir/C_/VSRAM/pico/pico-sdk/src/rp2_common/hardware_watchdog/watchdog.c.obj
                0x10002db8                watchdog_start_tick
 .text.xosc_init
                0x10002dc8       0x28 CMakeFiles/compass.dir/C_/VSRAM/pico/pico-sdk/src/rp2_common/hardware_xosc/xosc.c.obj
                0x10002dc8                xosc_init
 .text._out_buffer
                0x10002df0        0x8 CMakeFiles/compass.dir/C_/VSRAM/pico/pico-sdk/src/rp2_common/pico_printf/printf.c.obj
 .text._out_null
                0x10002df8        0x4 CMakeFiles/compass.dir/C_/VSRAM/pico/pico-sdk/src/rp2_common/pico_printf/printf.c.obj
 .text._out_rev
                0x10002dfc       0x9c CMakeFiles/compass.dir/C_/VSRAM/pico/pico-sdk/src/rp2_common/pico_printf/printf.c.obj
 .text._ntoa_format
                0x10002e98      0x1cc CMakeFiles/compass.dir/C_/VSRAM/pico/pico-sdk/src/rp2_common/pico_printf/printf.c.obj
 .text._out_char
                0x10003064       0x10 CMakeFiles/compass.dir/C_/VSRAM/pico/pico-sdk/src/rp2_common/pico_printf/printf.c.obj
 .text._out_fct
                0x10003074       0x10 CMakeFiles/compass.dir/C_/VSRAM/pico/pico-sdk/src/rp2_common/pico_printf/printf.c.obj
 .text._etoa    0x10003084      0x44c CMakeFiles/compass.dir/C_/VSRAM/pico/pico-sdk/src/rp2_common/pico_printf/printf.c.obj
 .text._ftoa    0x100034d0      0x398 CMakeFiles/compass.dir/C_/VSRAM/pico/pico-sdk/src/rp2_common/pico_printf/printf.c.obj
 .text._vsnprintf
                0x10003868      0xb04 CMakeFiles/compass.dir/C_/VSRAM/pico/pico-sdk/src/rp2_common/pico_printf/printf.c.obj
 .text.__wrap_sprintf
                0x1000436c       0x28 CMakeFiles/compass.dir/C_/VSRAM/pico/pico-sdk/src/rp2_common/pico_printf/printf.c.obj
                0x1000436c                __wrap_sprintf
 .text.vfctprintf
                0x10004394       0x20 CMakeFiles/compass.dir/C_/VSRAM/pico/pico-sdk/src/rp2_common/pico_printf/printf.c.obj
                0x10004394                vfctprintf
 .text.weak_raw_vprintf
                0x100043b4       0x30 CMakeFiles/compass.dir/C_/VSRAM/pico/pico-sdk/src/rp2_common/pico_printf/printf.c.obj
                0x100043b4                weak_raw_vprintf
 .text          0x100043e4       0x10 CMakeFiles/compass.dir/C_/VSRAM/pico/pico-sdk/src/rp2_common/pico_bit_ops/bit_ops_aeabi.S.obj
 .text.rom_func_lookup
                0x100043f4       0x10 CMakeFiles/compass.dir/C_/VSRAM/pico/pico-sdk/src/rp2_common/pico_bootrom/bootrom.c.obj
                0x100043f4                rom_func_lookup
 .text.rom_data_lookup
                0x10004404       0x10 CMakeFiles/compass.dir/C_/VSRAM/pico/pico-sdk/src/rp2_common/pico_bootrom/bootrom.c.obj
                0x10004404                rom_data_lookup
 .text.rom_funcs_lookup
                0x10004414       0x44 CMakeFiles/compass.dir/C_/VSRAM/pico/pico-sdk/src/rp2_common/pico_bootrom/bootrom.c.obj
                0x10004414                rom_funcs_lookup
 .text.__wrap___aeabi_idiv
                0x10004458       0x50 CMakeFiles/compass.dir/C_/VSRAM/pico/pico-sdk/src/rp2_common/pico_divider/divider.S.obj
                0x10004458                __wrap___aeabi_idivmod
                0x10004458                divmod_s32s32
                0x10004458                div_s32s32
                0x10004458                __wrap___aeabi_idiv
                0x10004460                divmod_s32s32_unsafe
                0x1000448c                divmod_s32s32_savestate
 .text.__wrap___aeabi_uidiv
                0x100044a8       0x4c CMakeFiles/compass.dir/C_/VSRAM/pico/pico-sdk/src/rp2_common/pico_divider/divider.S.obj
                0x100044a8                __wrap___aeabi_uidiv
                0x100044a8                __wrap___aeabi_uidivmod
                0x100044a8                div_u32u32
                0x100044a8                divmod_u32u32
                0x100044b0                divmod_u32u32_unsafe
                0x100044d8                divmod_u32u32_savestate
 .text.__wrap___aeabi_ldiv
                0x100044f4      0x434 CMakeFiles/compass.dir/C_/VSRAM/pico/pico-sdk/src/rp2_common/pico_divider/divider.S.obj
                0x100044f4                div_s64s64
                0x100044f4                divmod_s64s64
                0x100044f4                __wrap___aeabi_ldivmod
                0x1000452c                divmod_u64u64
                0x1000452c                div_u64u64
                0x1000452c                __wrap___aeabi_uldivmod
                0x1000453c                divmod_u64u64_savestate
                0x10004564                divmod_s64s64_unsafe
                0x100045ec                divmod_u64u64_unsafe
 .text.__wrap___aeabi_darithmetic
                0x10004928       0x80 CMakeFiles/compass.dir/C_/VSRAM/pico/pico-sdk/src/rp2_common/pico_double/double_aeabi.S.obj
                0x10004928                __wrap___aeabi_drsub
                0x1000492e                __wrap___aeabi_dsub
                0x10004940                __wrap___aeabi_dadd
                0x10004952                __wrap___aeabi_ddiv
                0x1000498e                __wrap___aeabi_dmul
 .text.__wrap___aeabi_cdcmple
                0x100049a8       0x6c CMakeFiles/compass.dir/C_/VSRAM/pico/pico-sdk/src/rp2_common/pico_double/double_aeabi.S.obj
                0x100049a8                __wrap___aeabi_cdrcmple
                0x100049b8                __wrap___aeabi_cdcmpeq
                0x100049b8                __wrap___aeabi_cdcmple
 .text.__wrap___aeabi_dcmplt
                0x10004a14        0xc CMakeFiles/compass.dir/C_/VSRAM/pico/pico-sdk/src/rp2_common/pico_double/double_aeabi.S.obj
                0x10004a14                __wrap___aeabi_dcmplt
 .text.__wrap___aeabi_dcmple
                0x10004a20       0x10 CMakeFiles/compass.dir/C_/VSRAM/pico/pico-sdk/src/rp2_common/pico_double/double_aeabi.S.obj
                0x10004a20                __wrap___aeabi_dcmple
 .text.__wrap___aeabi_dcmpge
                0x10004a30       0x10 CMakeFiles/compass.dir/C_/VSRAM/pico/pico-sdk/src/rp2_common/pico_double/double_aeabi.S.obj
                0x10004a30                __wrap___aeabi_dcmpge
 .text.__wrap___aeabi_dcmpgt
                0x10004a40        0xa CMakeFiles/compass.dir/C_/VSRAM/pico/pico-sdk/src/rp2_common/pico_double/double_aeabi.S.obj
                0x10004a40                __wrap___aeabi_dcmpgt
 .text.__wrap___aeabi_dcmpun
                0x10004a4a       0x1c CMakeFiles/compass.dir/C_/VSRAM/pico/pico-sdk/src/rp2_common/pico_double/double_aeabi.S.obj
                0x10004a4a                __wrap___aeabi_dcmpun
 *fill*         0x10004a66        0x2 
 .text.__wrap___aeabi_i2d
                0x10004a68       0x38 CMakeFiles/compass.dir/C_/VSRAM/pico/pico-sdk/src/rp2_common/pico_double/double_aeabi.S.obj
                0x10004a68                __wrap___aeabi_ui2d
                0x10004a70                __wrap___aeabi_i2d
 .text.__wrap___aeabi_d2iz
                0x10004aa0       0x48 CMakeFiles/compass.dir/C_/VSRAM/pico/pico-sdk/src/rp2_common/pico_double/double_aeabi.S.obj
                0x10004aa0                double2int_z
                0x10004aa0                __wrap___aeabi_d2iz
 .text.__wrap___aeabi_d2uiz
                0x10004ae8       0x18 CMakeFiles/compass.dir/C_/VSRAM/pico/pico-sdk/src/rp2_common/pico_double/double_aeabi.S.obj
                0x10004ae8                __wrap___aeabi_d2uiz
                0x10004ae8                double2uint
 .text.__wrap___aeabi_d2f
                0x10004b00       0x18 CMakeFiles/compass.dir/C_/VSRAM/pico/pico-sdk/src/rp2_common/pico_double/double_aeabi.S.obj
                0x10004b00                __wrap___aeabi_d2f
 .text.__aeabi_double_init
                0x10004b18       0x94 CMakeFiles/compass.dir/C_/VSRAM/pico/pico-sdk/src/rp2_common/pico_double/double_init_rom.c.obj
                0x10004b18                __aeabi_double_init
 .text.double_table_shim_on_use_helper
                0x10004bac       0x2c CMakeFiles/compass.dir/C_/VSRAM/pico/pico-sdk/src/rp2_common/pico_double/double_v1_rom_shim.S.obj
                0x10004bac                double_table_shim_on_use_helper
 .text.__wrap___aeabi_dsub
                0x10004bd8       0x10 CMakeFiles/compass.dir/C_/VSRAM/pico/pico-sdk/src/rp2_common/pico_double/double_v1_rom_shim.S.obj
                0x10004bd8                drsub_shim
                0x10004bde                dsub_shim
 .text.dadd_shim
                0x10004be8      0x15c CMakeFiles/compass.dir/C_/VSRAM/pico/pico-sdk/src/rp2_common/pico_double/double_v1_rom_shim.S.obj
                0x10004be8                dadd_shim
 .text.dmul_shim
                0x10004d44      0x15c CMakeFiles/compass.dir/C_/VSRAM/pico/pico-sdk/src/rp2_common/pico_double/double_v1_rom_shim.S.obj
                0x10004d44                dmul_shim
 .text.ddiv_shim
                0x10004ea0      0x1b0 CMakeFiles/compass.dir/C_/VSRAM/pico/pico-sdk/src/rp2_common/pico_double/double_v1_rom_shim.S.obj
                0x10004ea0                ddiv_shim
 .text.double2uint_shim
                0x10005050        0xe CMakeFiles/compass.dir/C_/VSRAM/pico/pico-sdk/src/rp2_common/pico_double/double_v1_rom_shim.S.obj
                0x10005050                double2uint_shim
                0x10005052                double2ufix_shim
 *fill*         0x1000505e        0x2 
 .text.double2uint64_shim
                0x10005060       0x70 CMakeFiles/compass.dir/C_/VSRAM/pico/pico-sdk/src/rp2_common/pico_double/double_v1_rom_shim.S.obj
                0x10005060                double2uint64_shim
                0x10005062                double2ufix64_shim
                0x10005082                d2fix_a
 .text.double2float_shim
                0x100050d0       0x5c CMakeFiles/compass.dir/C_/VSRAM/pico/pico-sdk/src/rp2_common/pico_double/double_v1_rom_shim.S.obj
                0x100050d0                double2float_shim
 .text.dunpacks
                0x1000512c       0x3c CMakeFiles/compass.dir/C_/VSRAM/pico/pico-sdk/src/rp2_common/pico_double/double_v1_rom_shim.S.obj
                0x1000512c                dunpacks
 .text.__aeabi_lmul
                0x10005168       0x32 CMakeFiles/compass.dir/C_/VSRAM/pico/pico-sdk/src/rp2_common/pico_int64_ops/pico_int64_ops_aeabi.S.obj
                0x10005168                __wrap___aeabi_lmul
 *fill*         0x1000519a        0x2 
 .text.__wrap___aeabi_cfcmple
                0x1000519c       0x50 CMakeFiles/compass.dir/C_/VSRAM/pico/pico-sdk/src/rp2_common/pico_float/float_aeabi.S.obj
                0x1000519c                __wrap___aeabi_cfrcmple
                0x100051a8                __wrap___aeabi_cfcmple
                0x100051a8                __wrap___aeabi_cfcmpeq
 .text.__wrap___aeabi_fcmpeq
                0x100051ec       0x10 CMakeFiles/compass.dir/C_/VSRAM/pico/pico-sdk/src/rp2_common/pico_float/float_aeabi.S.obj
                0x100051ec                __wrap___aeabi_fcmpeq
 .text.__wrap___aeabi_fcmpgt
                0x100051fc        0xa CMakeFiles/compass.dir/C_/VSRAM/pico/pico-sdk/src/rp2_common/pico_float/float_aeabi.S.obj
                0x100051fc                __wrap___aeabi_fcmpgt
 *fill*         0x10005206        0x2 
 .text.__wrap___aeabi_f2uiz
                0x10005208        0xc CMakeFiles/compass.dir/C_/VSRAM/pico/pico-sdk/src/rp2_common/pico_float/float_aeabi.S.obj
                0x10005208                __wrap___aeabi_f2uiz
 .text.__wrap___aeabi_f2d
                0x10005214       0x14 CMakeFiles/compass.dir/C_/VSRAM/pico/pico-sdk/src/rp2_common/pico_float/float_aeabi.S.obj
                0x10005214                __wrap___aeabi_f2d
 .text.__aeabi_float_init
                0x10005228       0x64 CMakeFiles/compass.dir/C_/VSRAM/pico/pico-sdk/src/rp2_common/pico_float/float_init_rom.c.obj
                0x10005228                __aeabi_float_init
 .text.float_table_shim_on_use_helper
                0x1000528c       0x2c CMakeFiles/compass.dir/C_/VSRAM/pico/pico-sdk/src/rp2_common/pico_float/float_v1_rom_shim.S.obj
                0x1000528c                float_table_shim_on_use_helper
 .text.float2double_shim
                0x100052b8       0x30 CMakeFiles/compass.dir/C_/VSRAM/pico/pico-sdk/src/rp2_common/pico_float/float_v1_rom_shim.S.obj
                0x100052b8                float2double_shim
 .text.__wrap_malloc
                0x100052e8       0x24 CMakeFiles/compass.dir/C_/VSRAM/pico/pico-sdk/src/rp2_common/pico_malloc/pico_malloc.c.obj
                0x100052e8                __wrap_malloc
 .text          0x1000530c       0x10 CMakeFiles/compass.dir/C_/VSRAM/pico/pico-sdk/src/rp2_common/pico_mem_ops/mem_ops_aeabi.S.obj
                0x1000530c                __aeabi_mem_init
 .text.memset   0x1000531c        0xc CMakeFiles/compass.dir/C_/VSRAM/pico/pico-sdk/src/rp2_common/pico_mem_ops/mem_ops_aeabi.S.obj
                0x1000531c                __wrap_memset
 .text.memcpy   0x10005328        0xc CMakeFiles/compass.dir/C_/VSRAM/pico/pico-sdk/src/rp2_common/pico_mem_ops/mem_ops_aeabi.S.obj
                0x10005328                __wrap_memcpy
                0x10005328                __wrap___aeabi_memcpy
 .text.stdio_out_chars_no_crlf
                0x10005334       0x10 CMakeFiles/compass.dir/C_/VSRAM/pico/pico-sdk/src/rp2_common/pico_stdio/stdio.c.obj
 .text.stdio_out_chars_crlf
                0x10005344       0xb4 CMakeFiles/compass.dir/C_/VSRAM/pico/pico-sdk/src/rp2_common/pico_stdio/stdio.c.obj
 .text.stdio_buffered_printer
                0x100053f8       0x64 CMakeFiles/compass.dir/C_/VSRAM/pico/pico-sdk/src/rp2_common/pico_stdio/stdio.c.obj
 .text.stdio_put_string.isra.0
                0x1000545c       0xfc CMakeFiles/compass.dir/C_/VSRAM/pico/pico-sdk/src/rp2_common/pico_stdio/stdio.c.obj
 .text.__wrap_putchar
                0x10005558       0xa0 CMakeFiles/compass.dir/C_/VSRAM/pico/pico-sdk/src/rp2_common/pico_stdio/stdio.c.obj
                0x10005558                __wrap_putchar
 .text.__wrap_puts
                0x100055f8       0x3c CMakeFiles/compass.dir/C_/VSRAM/pico/pico-sdk/src/rp2_common/pico_stdio/stdio.c.obj
                0x100055f8                __wrap_puts
 .text._read    0x10005634       0x98 CMakeFiles/compass.dir/C_/VSRAM/pico/pico-sdk/src/rp2_common/pico_stdio/stdio.c.obj
                0x10005634                _read
 .text._write   0x100056cc       0xac CMakeFiles/compass.dir/C_/VSRAM/pico/pico-sdk/src/rp2_common/pico_stdio/stdio.c.obj
                0x100056cc                _write
 .text.stdio_set_driver_enabled
                0x10005778       0x3c CMakeFiles/compass.dir/C_/VSRAM/pico/pico-sdk/src/rp2_common/pico_stdio/stdio.c.obj
                0x10005778                stdio_set_driver_enabled
 .text.__wrap_vprintf
                0x100057b4       0xd8 CMakeFiles/compass.dir/C_/VSRAM/pico/pico-sdk/src/rp2_common/pico_stdio/stdio.c.obj
                0x100057b4                __wrap_vprintf
 .text.__wrap_printf
                0x1000588c       0x18 CMakeFiles/compass.dir/C_/VSRAM/pico/pico-sdk/src/rp2_common/pico_stdio/stdio.c.obj
                0x1000588c                __wrap_printf
 .text.stdio_init_all
                0x100058a4        0x8 CMakeFiles/compass.dir/C_/VSRAM/pico/pico-sdk/src/rp2_common/pico_stdio/stdio.c.obj
                0x100058a4                stdio_init_all
 .text.stdio_uart_out_chars
                0x100058ac       0x4c CMakeFiles/compass.dir/C_/VSRAM/pico/pico-sdk/src/rp2_common/pico_stdio_uart/stdio_uart.c.obj
 .text.stdio_uart_in_chars
                0x100058f8       0x38 CMakeFiles/compass.dir/C_/VSRAM/pico/pico-sdk/src/rp2_common/pico_stdio_uart/stdio_uart.c.obj
                0x100058f8                stdio_uart_in_chars
 .text.stdio_uart_init
                0x10005930       0x48 CMakeFiles/compass.dir/C_/VSRAM/pico/pico-sdk/src/rp2_common/pico_stdio_uart/stdio_uart.c.obj
                0x10005930                stdio_uart_init
 .text.malloc   0x10005978       0x14 c:/progra~2/gnuarm~1/102021~1.10/bin/../lib/gcc/arm-none-eabi/10.3.1/../../../../arm-none-eabi/lib/thumb/v6-m/nofp\libc.a(lib_a-malloc.o)
                0x10005978                malloc
 .text._malloc_r
                0x1000598c      0x584 c:/progra~2/gnuarm~1/102021~1.10/bin/../lib/gcc/arm-none-eabi/10.3.1/../../../../arm-none-eabi/lib/thumb/v6-m/nofp\libc.a(lib_a-mallocr.o)
                0x1000598c                _malloc_r
 .text.__malloc_lock
                0x10005f10       0x10 c:/progra~2/gnuarm~1/102021~1.10/bin/../lib/gcc/arm-none-eabi/10.3.1/../../../../arm-none-eabi/lib/thumb/v6-m/nofp\libc.a(lib_a-mlock.o)
                0x10005f10                __malloc_lock
 .text.__malloc_unlock
                0x10005f20       0x10 c:/progra~2/gnuarm~1/102021~1.10/bin/../lib/gcc/arm-none-eabi/10.3.1/../../../../arm-none-eabi/lib/thumb/v6-m/nofp\libc.a(lib_a-mlock.o)
                0x10005f20                __malloc_unlock
 .text._sbrk_r  0x10005f30       0x24 c:/progra~2/gnuarm~1/102021~1.10/bin/../lib/gcc/arm-none-eabi/10.3.1/../../../../arm-none-eabi/lib/thumb/v6-m/nofp\libc.a(lib_a-sbrkr.o)
                0x10005f30                _sbrk_r
 .text.setvbuf  0x10005f54      0x1bc c:/progra~2/gnuarm~1/102021~1.10/bin/../lib/gcc/arm-none-eabi/10.3.1/../../../../arm-none-eabi/lib/thumb/v6-m/nofp\libc.a(lib_a-setvbuf.o)
                0x10005f54                setvbuf
 .text.strlen   0x10006110       0x5c c:/progra~2/gnuarm~1/102021~1.10/bin/../lib/gcc/arm-none-eabi/10.3.1/../../../../arm-none-eabi/lib/thumb/v6-m/nofp\libc.a(lib_a-strlen-stub.o)
                0x10006110                strlen
 .text.__sflush_r
                0x1000616c      0x140 c:/progra~2/gnuarm~1/102021~1.10/bin/../lib/gcc/arm-none-eabi/10.3.1/../../../../arm-none-eabi/lib/thumb/v6-m/nofp\libc.a(lib_a-fflush.o)
                0x1000616c                __sflush_r
 .text._fflush_r
                0x100062ac       0x6c c:/progra~2/gnuarm~1/102021~1.10/bin/../lib/gcc/arm-none-eabi/10.3.1/../../../../arm-none-eabi/lib/thumb/v6-m/nofp\libc.a(lib_a-fflush.o)
                0x100062ac                _fflush_r
 .text._cleanup_r
                0x10006318       0x10 c:/progra~2/gnuarm~1/102021~1.10/bin/../lib/gcc/arm-none-eabi/10.3.1/../../../../arm-none-eabi/lib/thumb/v6-m/nofp\libc.a(lib_a-findfp.o)
                0x10006318                _cleanup_r
 .text.__sinit  0x10006328      0x120 c:/progra~2/gnuarm~1/102021~1.10/bin/../lib/gcc/arm-none-eabi/10.3.1/../../../../arm-none-eabi/lib/thumb/v6-m/nofp\libc.a(lib_a-findfp.o)
                0x10006328                __sinit
 .text.__sfp_lock_acquire
                0x10006448       0x10 c:/progra~2/gnuarm~1/102021~1.10/bin/../lib/gcc/arm-none-eabi/10.3.1/../../../../arm-none-eabi/lib/thumb/v6-m/nofp\libc.a(lib_a-findfp.o)
                0x10006448                __sfp_lock_acquire
 .text.__sfp_lock_release
                0x10006458       0x10 c:/progra~2/gnuarm~1/102021~1.10/bin/../lib/gcc/arm-none-eabi/10.3.1/../../../../arm-none-eabi/lib/thumb/v6-m/nofp\libc.a(lib_a-findfp.o)
                0x10006458                __sfp_lock_release
 .text._malloc_trim_r
                0x10006468       0x9c c:/progra~2/gnuarm~1/102021~1.10/bin/../lib/gcc/arm-none-eabi/10.3.1/../../../../arm-none-eabi/lib/thumb/v6-m/nofp\libc.a(lib_a-freer.o)
                0x10006468                _malloc_trim_r
 .text._free_r  0x10006504      0x1c4 c:/progra~2/gnuarm~1/102021~1.10/bin/../lib/gcc/arm-none-eabi/10.3.1/../../../../arm-none-eabi/lib/thumb/v6-m/nofp\libc.a(lib_a-freer.o)
                0x10006504                _free_r
 .text._fwalk_reent
                0x100066c8       0x48 c:/progra~2/gnuarm~1/102021~1.10/bin/../lib/gcc/arm-none-eabi/10.3.1/../../../../arm-none-eabi/lib/thumb/v6-m/nofp\libc.a(lib_a-fwalk.o)
                0x100066c8                _fwalk_reent
 .text.__retarget_lock_init_recursive
                0x10006710        0x4 c:/progra~2/gnuarm~1/102021~1.10/bin/../lib/gcc/arm-none-eabi/10.3.1/../../../../arm-none-eabi/lib/thumb/v6-m/nofp\libc.a(lib_a-lock.o)
                0x10006710                __retarget_lock_init_recursive
 .text.__retarget_lock_close_recursive
                0x10006714        0x4 c:/progra~2/gnuarm~1/102021~1.10/bin/../lib/gcc/arm-none-eabi/10.3.1/../../../../arm-none-eabi/lib/thumb/v6-m/nofp\libc.a(lib_a-lock.o)
                0x10006714                __retarget_lock_close_recursive
 .text.__retarget_lock_acquire_recursive
                0x10006718        0x4 c:/progra~2/gnuarm~1/102021~1.10/bin/../lib/gcc/arm-none-eabi/10.3.1/../../../../arm-none-eabi/lib/thumb/v6-m/nofp\libc.a(lib_a-lock.o)
                0x10006718                __retarget_lock_acquire_recursive
 .text.__retarget_lock_release_recursive
                0x1000671c        0x4 c:/progra~2/gnuarm~1/102021~1.10/bin/../lib/gcc/arm-none-eabi/10.3.1/../../../../arm-none-eabi/lib/thumb/v6-m/nofp\libc.a(lib_a-lock.o)
                0x1000671c                __retarget_lock_release_recursive
 .text.__swhatbuf_r
                0x10006720       0x60 c:/progra~2/gnuarm~1/102021~1.10/bin/../lib/gcc/arm-none-eabi/10.3.1/../../../../arm-none-eabi/lib/thumb/v6-m/nofp\libc.a(lib_a-makebuf.o)
                0x10006720                __swhatbuf_r
 .text.__sread  0x10006780       0x28 c:/progra~2/gnuarm~1/102021~1.10/bin/../lib/gcc/arm-none-eabi/10.3.1/../../../../arm-none-eabi/lib/thumb/v6-m/nofp\libc.a(lib_a-stdio.o)
                0x10006780                __sread
 .text.__swrite
                0x100067a8       0x40 c:/progra~2/gnuarm~1/102021~1.10/bin/../lib/gcc/arm-none-eabi/10.3.1/../../../../arm-none-eabi/lib/thumb/v6-m/nofp\libc.a(lib_a-stdio.o)
                0x100067a8                __swrite
 .text.__sseek  0x100067e8       0x2c c:/progra~2/gnuarm~1/102021~1.10/bin/../lib/gcc/arm-none-eabi/10.3.1/../../../../arm-none-eabi/lib/thumb/v6-m/nofp\libc.a(lib_a-stdio.o)
                0x100067e8                __sseek
 .text.__sclose
                0x10006814        0xc c:/progra~2/gnuarm~1/102021~1.10/bin/../lib/gcc/arm-none-eabi/10.3.1/../../../../arm-none-eabi/lib/thumb/v6-m/nofp\libc.a(lib_a-stdio.o)
                0x10006814                __sclose
 .text._write_r
                0x10006820       0x28 c:/progra~2/gnuarm~1/102021~1.10/bin/../lib/gcc/arm-none-eabi/10.3.1/../../../../arm-none-eabi/lib/thumb/v6-m/nofp\libc.a(lib_a-writer.o)
                0x10006820                _write_r
 .text._close_r
                0x10006848       0x24 c:/progra~2/gnuarm~1/102021~1.10/bin/../lib/gcc/arm-none-eabi/10.3.1/../../../../arm-none-eabi/lib/thumb/v6-m/nofp\libc.a(lib_a-closer.o)
                0x10006848                _close_r
 .text._fclose_r
                0x1000686c       0xdc c:/progra~2/gnuarm~1/102021~1.10/bin/../lib/gcc/arm-none-eabi/10.3.1/../../../../arm-none-eabi/lib/thumb/v6-m/nofp\libc.a(lib_a-fclose.o)
                0x1000686c                _fclose_r
 .text._fstat_r
                0x10006948       0x28 c:/progra~2/gnuarm~1/102021~1.10/bin/../lib/gcc/arm-none-eabi/10.3.1/../../../../arm-none-eabi/lib/thumb/v6-m/nofp\libc.a(lib_a-fstatr.o)
                0x10006948                _fstat_r
 .text._lseek_r
                0x10006970       0x28 c:/progra~2/gnuarm~1/102021~1.10/bin/../lib/gcc/arm-none-eabi/10.3.1/../../../../arm-none-eabi/lib/thumb/v6-m/nofp\libc.a(lib_a-lseekr.o)
                0x10006970                _lseek_r
 .text._read_r  0x10006998       0x28 c:/progra~2/gnuarm~1/102021~1.10/bin/../lib/gcc/arm-none-eabi/10.3.1/../../../../arm-none-eabi/lib/thumb/v6-m/nofp\libc.a(lib_a-readr.o)
                0x10006998                _read_r
 .text._close   0x100069c0       0x10 c:/progra~2/gnuarm~1/102021~1.10/bin/../lib/gcc/arm-none-eabi/10.3.1/../../../../arm-none-eabi/lib/thumb/v6-m/nofp\libnosys.a(close.o)
                0x100069c0                _close
 .text._fstat   0x100069d0       0x10 c:/progra~2/gnuarm~1/102021~1.10/bin/../lib/gcc/arm-none-eabi/10.3.1/../../../../arm-none-eabi/lib/thumb/v6-m/nofp\libnosys.a(fstat.o)
                0x100069d0                _fstat
 .text._lseek   0x100069e0       0x10 c:/progra~2/gnuarm~1/102021~1.10/bin/../lib/gcc/arm-none-eabi/10.3.1/../../../../arm-none-eabi/lib/thumb/v6-m/nofp\libnosys.a(lseek.o)
                0x100069e0                _lseek
 *(.fini)
 .fini          0x100069f0        0x4 c:/progra~2/gnuarm~1/102021~1.10/bin/../lib/gcc/arm-none-eabi/10.3.1/thumb/v6-m/nofp/crti.o
                0x100069f0                _fini
 *fill*         0x100069f4        0x4 
 .fini.__stub   0x100069f8       0x60 linker stubs
 *crtbegin.o(.ctors)
 *crtbegin?.o(.ctors)
 *(EXCLUDE_FILE(*crtend.o *crtend?.o) .ctors)
 *(SORT_BY_NAME(.ctors.*))
 *(.ctors)
 *crtbegin.o(.dtors)
 *crtbegin?.o(.dtors)
 *(EXCLUDE_FILE(*crtend.o *crtend?.o) .dtors)
 *(SORT_BY_NAME(.dtors.*))
 *(.dtors)
 *(.eh_frame*)
 .eh_frame      0x10006a58        0x0 c:/progra~2/gnuarm~1/102021~1.10/bin/../lib/gcc/arm-none-eabi/10.3.1/thumb/v6-m/nofp/crtbegin.o
                0x10006a58                . = ALIGN (0x4)

.glue_7         0x10006a58        0x0
 .glue_7        0x10006a58        0x0 linker stubs

.glue_7t        0x10006a58        0x0
 .glue_7t       0x10006a58        0x0 linker stubs

.vfp11_veneer   0x10006a58        0x0
 .vfp11_veneer  0x10006a58        0x0 linker stubs

.v4_bx          0x10006a58        0x0
 .v4_bx         0x10006a58        0x0 linker stubs

.iplt           0x10006a58        0x0
 .iplt          0x10006a58        0x0 c:/progra~2/gnuarm~1/102021~1.10/bin/../lib/gcc/arm-none-eabi/10.3.1/thumb/v6-m/nofp/crtbegin.o

.rodata         0x10006a58     0x17bc
 *(EXCLUDE_FILE(*libm.a: *libc.a:*lib_a-mem*.o *libgcc.a:) .rodata*)
 .rodata.SetupIMU.str1.4
                0x10006a58       0x2d CMakeFiles/compass.dir/compass.c.obj
 *fill*         0x10006a85        0x3 
 .rodata.main.str1.4
                0x10006a88       0x16 CMakeFiles/compass.dir/compass.c.obj
                                 0x1a (size before relaxing)
 *fill*         0x10006a9e        0x2 
 .rodata.Font16x26
                0x10006aa0     0x134c CMakeFiles/compass.dir/lib/fonts.c.obj
 .rodata.init_cmds1
                0x10007dec       0x3b CMakeFiles/compass.dir/lib/st7735.c.obj
 *fill*         0x10007e27        0x1 
 .rodata.init_cmds2
                0x10007e28        0xd CMakeFiles/compass.dir/lib/st7735.c.obj
 *fill*         0x10007e35        0x3 
 .rodata.init_cmds3
                0x10007e38       0x2b CMakeFiles/compass.dir/lib/st7735.c.obj
 *fill*         0x10007e63        0x1 
 .rodata.DEV_Module_Init.str1.4
                0x10007e64       0x15 CMakeFiles/compass.dir/lib/DEV_Config.c.obj
 *fill*         0x10007e79        0x7 
 .rodata.at_the_end_of_time
                0x10007e80        0x8 CMakeFiles/compass.dir/C_/VSRAM/pico/pico-sdk/src/common/pico_time/time.c.obj
                0x10007e80                at_the_end_of_time
 .rodata.hardware_alarm_claim.str1.4
                0x10007e88       0x22 CMakeFiles/compass.dir/C_/VSRAM/pico/pico-sdk/src/rp2_common/hardware_timer/timer.c.obj
 *fill*         0x10007eaa        0x2 
 .rodata.panic.str1.4
                0x10007eac       0x12 CMakeFiles/compass.dir/C_/VSRAM/pico/pico-sdk/src/rp2_common/pico_runtime/runtime.c.obj
 *fill*         0x10007ebe        0x2 
 .rodata.hard_assertion_failure.str1.4
                0x10007ec0        0xc CMakeFiles/compass.dir/C_/VSRAM/pico/pico-sdk/src/rp2_common/pico_runtime/runtime.c.obj
 .rodata._ftoa.str1.4
                0x10007ecc       0x15 CMakeFiles/compass.dir/C_/VSRAM/pico/pico-sdk/src/rp2_common/pico_printf/printf.c.obj
 *fill*         0x10007ee1        0x3 
 .rodata._vsnprintf
                0x10007ee4      0x1e0 CMakeFiles/compass.dir/C_/VSRAM/pico/pico-sdk/src/rp2_common/pico_printf/printf.c.obj
 *fill*         0x100080c4        0x4 
 .rodata.pow10.0
                0x100080c8       0x50 CMakeFiles/compass.dir/C_/VSRAM/pico/pico-sdk/src/rp2_common/pico_printf/printf.c.obj
 .rodata.__wrap_malloc.str1.4
                0x10008118        0xe CMakeFiles/compass.dir/C_/VSRAM/pico/pico-sdk/src/rp2_common/pico_malloc/pico_malloc.c.obj
 *fill*         0x10008126        0x2 
 .rodata.str1.4
                0x10008128       0x78 CMakeFiles/compass.dir/C_/VSRAM/pico/pico-sdk/src/rp2_common/pico_standard_link/binary_info.c.obj
 .rodata.__bi_44
                0x100081a0        0xc CMakeFiles/compass.dir/C_/VSRAM/pico/pico-sdk/src/rp2_common/pico_standard_link/binary_info.c.obj
 .rodata.__bi_69
                0x100081ac        0xc CMakeFiles/compass.dir/C_/VSRAM/pico/pico-sdk/src/rp2_common/pico_standard_link/binary_info.c.obj
 .rodata.__bi_75
                0x100081b8        0xc CMakeFiles/compass.dir/C_/VSRAM/pico/pico-sdk/src/rp2_common/pico_standard_link/binary_info.c.obj
 .rodata.__bi_81
                0x100081c4        0xc CMakeFiles/compass.dir/C_/VSRAM/pico/pico-sdk/src/rp2_common/pico_standard_link/binary_info.c.obj
 .rodata.crlf_str.0
                0x100081d0        0x2 CMakeFiles/compass.dir/C_/VSRAM/pico/pico-sdk/src/rp2_common/pico_stdio/stdio.c.obj
 *fill*         0x100081d2        0x2 
 .rodata.str1.4
                0x100081d4       0x2c CMakeFiles/compass.dir/C_/VSRAM/pico/pico-sdk/src/rp2_common/pico_stdio_uart/stdio_uart.c.obj
 .rodata.__bi_28.4
                0x10008200        0xc CMakeFiles/compass.dir/C_/VSRAM/pico/pico-sdk/src/rp2_common/pico_stdio_uart/stdio_uart.c.obj
 .rodata.__bi_29.5
                0x1000820c        0x8 CMakeFiles/compass.dir/C_/VSRAM/pico/pico-sdk/src/rp2_common/pico_stdio_uart/stdio_uart.c.obj
                0x10008214                . = ALIGN (0x4)
 *(SORT_BY_ALIGNMENT(SORT_BY_NAME(.flashdata*)))
                0x10008214                . = ALIGN (0x4)

.rel.dyn        0x10008214        0x0
 .rel.iplt      0x10008214        0x0 c:/progra~2/gnuarm~1/102021~1.10/bin/../lib/gcc/arm-none-eabi/10.3.1/thumb/v6-m/nofp/crtbegin.o

.ARM.extab
 *(.ARM.extab* .gnu.linkonce.armextab.*)
                0x10008214                __exidx_start = .

.ARM.exidx
 *(.ARM.exidx* .gnu.linkonce.armexidx.*)
                0x10008214                __exidx_end = .
                0x10008214                . = ALIGN (0x4)
                0x10008214                __binary_info_start = .

.binary_info    0x10008214       0x28
 *(.binary_info.keep.*)
 .binary_info.keep.__bi_ptr22
                0x10008214        0x4 CMakeFiles/compass.dir/C_/VSRAM/pico/pico-sdk/src/rp2_common/pico_standard_link/binary_info.c.obj
 .binary_info.keep.__bi_ptr30
                0x10008218        0x4 CMakeFiles/compass.dir/C_/VSRAM/pico/pico-sdk/src/rp2_common/pico_standard_link/binary_info.c.obj
 .binary_info.keep.__bi_ptr38
                0x1000821c        0x4 CMakeFiles/compass.dir/C_/VSRAM/pico/pico-sdk/src/rp2_common/pico_standard_link/binary_info.c.obj
 .binary_info.keep.__bi_ptr44
                0x10008220        0x4 CMakeFiles/compass.dir/C_/VSRAM/pico/pico-sdk/src/rp2_common/pico_standard_link/binary_info.c.obj
 .binary_info.keep.__bi_ptr50
                0x10008224        0x4 CMakeFiles/compass.dir/C_/VSRAM/pico/pico-sdk/src/rp2_common/pico_standard_link/binary_info.c.obj
 .binary_info.keep.__bi_ptr69
                0x10008228        0x4 CMakeFiles/compass.dir/C_/VSRAM/pico/pico-sdk/src/rp2_common/pico_standard_link/binary_info.c.obj
 .binary_info.keep.__bi_ptr75
                0x1000822c        0x4 CMakeFiles/compass.dir/C_/VSRAM/pico/pico-sdk/src/rp2_common/pico_standard_link/binary_info.c.obj
 .binary_info.keep.__bi_ptr81
                0x10008230        0x4 CMakeFiles/compass.dir/C_/VSRAM/pico/pico-sdk/src/rp2_common/pico_standard_link/binary_info.c.obj
 *(.binary_info.*)
 .binary_info.__bi_ptr28
                0x10008234        0x4 CMakeFiles/compass.dir/C_/VSRAM/pico/pico-sdk/src/rp2_common/pico_stdio_uart/stdio_uart.c.obj
 .binary_info.__bi_ptr29
                0x10008238        0x4 CMakeFiles/compass.dir/C_/VSRAM/pico/pico-sdk/src/rp2_common/pico_stdio_uart/stdio_uart.c.obj
                0x1000823c                __binary_info_end = .
                0x1000823c                . = ALIGN (0x4)
                0x1000823c                __etext = .

.ram_vector_table
                0x20000000       0xc0
 *(.ram_vector_table)
 .ram_vector_table
                0x20000000       0xc0 CMakeFiles/compass.dir/C_/VSRAM/pico/pico-sdk/src/rp2_common/pico_runtime/runtime.c.obj
                0x20000000                ram_vector_table

.data           0x200000c0      0xa2c load address 0x1000823c
                0x200000c0                __data_start__ = .
 *(vtable)
 *(.time_critical*)
 .time_critical.spi_write_blocking
                0x200000c0       0x4c CMakeFiles/compass.dir/C_/VSRAM/pico/pico-sdk/src/rp2_common/hardware_spi/spi.c.obj
                0x200000c0                spi_write_blocking
 .time_critical.mutex_enter_blocking
                0x2000010c       0x48 CMakeFiles/compass.dir/C_/VSRAM/pico/pico-sdk/src/common/pico_sync/mutex.c.obj
                0x2000010c                mutex_enter_blocking
 .time_critical.mutex_try_enter
                0x20000154       0x44 CMakeFiles/compass.dir/C_/VSRAM/pico/pico-sdk/src/common/pico_sync/mutex.c.obj
                0x20000154                mutex_try_enter
 .time_critical.mutex_exit
                0x20000198       0x28 CMakeFiles/compass.dir/C_/VSRAM/pico/pico-sdk/src/common/pico_sync/mutex.c.obj
                0x20000198                mutex_exit
 *(.text*)
 .text          0x200001c0        0x4 c:/progra~2/gnuarm~1/102021~1.10/bin/../lib/gcc/arm-none-eabi/10.3.1/thumb/v6-m/nofp\libgcc.a(_dvmd_tls.o)
                0x200001c0                __aeabi_idiv0
                0x200001c0                __aeabi_ldiv0
                0x200001c4                . = ALIGN (0x4)
 *(.rodata*)
                0x200001c4                . = ALIGN (0x4)
 *(.data*)
 .data.Font_16x26
                0x200001c4        0x8 CMakeFiles/compass.dir/lib/fonts.c.obj
                0x200001c4                Font_16x26
 .data.EPD_CLK_PIN
                0x200001cc        0x4 CMakeFiles/compass.dir/lib/DEV_Config.c.obj
                0x200001cc                EPD_CLK_PIN
 .data.EPD_CS_PIN
                0x200001d0        0x4 CMakeFiles/compass.dir/lib/DEV_Config.c.obj
                0x200001d0                EPD_CS_PIN
 .data.EPD_DC_PIN
                0x200001d4        0x4 CMakeFiles/compass.dir/lib/DEV_Config.c.obj
                0x200001d4                EPD_DC_PIN
 .data.EPD_MOSI_PIN
                0x200001d8        0x4 CMakeFiles/compass.dir/lib/DEV_Config.c.obj
                0x200001d8                EPD_MOSI_PIN
 .data.EPD_RST_PIN
                0x200001dc        0x4 CMakeFiles/compass.dir/lib/DEV_Config.c.obj
                0x200001dc                EPD_RST_PIN
 .data.striped_spin_lock_num
                0x200001e0        0x1 CMakeFiles/compass.dir/C_/VSRAM/pico/pico-sdk/src/rp2_common/hardware_sync/sync.c.obj
 *fill*         0x200001e1        0x3 
 .data.i2c0_inst
                0x200001e4        0x8 CMakeFiles/compass.dir/C_/VSRAM/pico/pico-sdk/src/rp2_common/hardware_i2c/i2c.c.obj
                0x200001e4                i2c0_inst
 .data.default_alarm_pool
                0x200001ec       0x18 CMakeFiles/compass.dir/C_/VSRAM/pico/pico-sdk/src/common/pico_time/time.c.obj
 .data.default_alarm_pool_heap
                0x20000204       0x10 CMakeFiles/compass.dir/C_/VSRAM/pico/pico-sdk/src/common/pico_time/time.c.obj
 .data          0x20000214       0x48 CMakeFiles/compass.dir/C_/VSRAM/pico/pico-sdk/src/rp2_common/hardware_irq/irq_handler_chain.S.obj
                0x20000214                irq_handler_chain_slots
                0x20000244                irq_handler_chain_first_slot
                0x2000024e                irq_handler_chain_remove_tail
 *fill*         0x2000025c        0x4 
 .data.aeabi_bits_funcs
                0x20000260       0x10 CMakeFiles/compass.dir/C_/VSRAM/pico/pico-sdk/src/rp2_common/pico_bit_ops/bit_ops_aeabi.S.obj
                0x20000260                aeabi_bits_funcs
                0x20000270                aeabi_bits_funcs_end
 .data.aeabi_mem_funcs
                0x20000270       0x10 CMakeFiles/compass.dir/C_/VSRAM/pico/pico-sdk/src/rp2_common/pico_mem_ops/mem_ops_aeabi.S.obj
                0x20000270                aeabi_mem_funcs
                0x20000280                aeabi_mem_funcs_end
 .data.stdio_uart
                0x20000280       0x14 CMakeFiles/compass.dir/C_/VSRAM/pico/pico-sdk/src/rp2_common/pico_stdio_uart/stdio_uart.c.obj
                0x20000280                stdio_uart
 .data._impure_ptr
                0x20000294        0x4 c:/progra~2/gnuarm~1/102021~1.10/bin/../lib/gcc/arm-none-eabi/10.3.1/../../../../arm-none-eabi/lib/thumb/v6-m/nofp\libc.a(lib_a-impure.o)
                0x20000294                _impure_ptr
 .data.impure_data
                0x20000298      0x428 c:/progra~2/gnuarm~1/102021~1.10/bin/../lib/gcc/arm-none-eabi/10.3.1/../../../../arm-none-eabi/lib/thumb/v6-m/nofp\libc.a(lib_a-impure.o)
 .data.__malloc_av_
                0x200006c0      0x408 c:/progra~2/gnuarm~1/102021~1.10/bin/../lib/gcc/arm-none-eabi/10.3.1/../../../../arm-none-eabi/lib/thumb/v6-m/nofp\libc.a(lib_a-mallocr.o)
                0x200006c0                __malloc_av_
 .data.__malloc_sbrk_base
                0x20000ac8        0x4 c:/progra~2/gnuarm~1/102021~1.10/bin/../lib/gcc/arm-none-eabi/10.3.1/../../../../arm-none-eabi/lib/thumb/v6-m/nofp\libc.a(lib_a-mallocr.o)
                0x20000ac8                __malloc_sbrk_base
 .data.__malloc_trim_threshold
                0x20000acc        0x4 c:/progra~2/gnuarm~1/102021~1.10/bin/../lib/gcc/arm-none-eabi/10.3.1/../../../../arm-none-eabi/lib/thumb/v6-m/nofp\libc.a(lib_a-mallocr.o)
                0x20000acc                __malloc_trim_threshold
                0x20000ad0                . = ALIGN (0x4)
 *(.after_data.*)
                0x20000ad0                . = ALIGN (0x4)
                0x20000ad0                PROVIDE (__mutex_array_start = .)
 *(SORT_BY_NAME(.mutex_array.*))
 *(.mutex_array)
 .mutex_array   0x20000ad0        0x8 CMakeFiles/compass.dir/C_/VSRAM/pico/pico-sdk/src/rp2_common/pico_stdio/stdio.c.obj
                0x20000ad8                PROVIDE (__mutex_array_end = .)
                0x20000ad8                . = ALIGN (0x4)
                0x20000ad8                PROVIDE (__preinit_array_start = .)
 *(SORT_BY_NAME(.preinit_array.*))
 .preinit_array.00001
                0x20000ad8        0x4 CMakeFiles/compass.dir/C_/VSRAM/pico/pico-sdk/src/rp2_common/pico_mem_ops/mem_ops_aeabi.S.obj
 .preinit_array.00010
                0x20000adc        0x4 CMakeFiles/compass.dir/C_/VSRAM/pico/pico-sdk/src/rp2_common/pico_bit_ops/bit_ops_aeabi.S.obj
 .preinit_array.00020
                0x20000ae0        0x4 CMakeFiles/compass.dir/C_/VSRAM/pico/pico-sdk/src/rp2_common/pico_double/double_aeabi.S.obj
 .preinit_array.00020
                0x20000ae4        0x4 CMakeFiles/compass.dir/C_/VSRAM/pico/pico-sdk/src/rp2_common/pico_float/float_aeabi.S.obj
 *(.preinit_array)
                0x20000ae8                PROVIDE (__preinit_array_end = .)
                0x20000ae8                . = ALIGN (0x4)
                0x20000ae8                PROVIDE (__init_array_start = .)
 *(SORT_BY_NAME(.init_array.*))
 *(.init_array)
 .init_array    0x20000ae8        0x4 c:/progra~2/gnuarm~1/102021~1.10/bin/../lib/gcc/arm-none-eabi/10.3.1/thumb/v6-m/nofp/crtbegin.o
                0x20000aec                PROVIDE (__init_array_end = .)
                0x20000aec                . = ALIGN (0x4)
                [!provide]                PROVIDE (__fini_array_start = .)
 *(SORT_BY_NAME(.fini_array.*))
 *(.fini_array)
                [!provide]                PROVIDE (__fini_array_end = .)
 *(.jcr)
                0x20000aec                . = ALIGN (0x4)
                0x20000aec                __data_end__ = .

.igot.plt       0x20000aec        0x0 load address 0x10008c68
 .igot.plt      0x20000aec        0x0 c:/progra~2/gnuarm~1/102021~1.10/bin/../lib/gcc/arm-none-eabi/10.3.1/thumb/v6-m/nofp/crtbegin.o

.uninitialized_data
                0x20000aec        0x0 load address 0x10008c68
                0x20000aec                . = ALIGN (0x4)
 *(.uninitialized_data*)

.scratch_x      0x20040000        0x0 load address 0x10008c68
                0x20040000                __scratch_x_start__ = .
 *(.scratch_x.*)
                0x20040000                . = ALIGN (0x4)
                0x20040000                __scratch_x_end__ = .
                0x10008c68                __scratch_x_source__ = LOADADDR (.scratch_x)

.scratch_y      0x20041000        0x0 load address 0x10008c68
                0x20041000                __scratch_y_start__ = .
 *(.scratch_y.*)
                0x20041000                . = ALIGN (0x4)
                0x20041000                __scratch_y_end__ = .
                0x10008c68                __scratch_y_source__ = LOADADDR (.scratch_y)

.bss            0x20000af0      0x438
                0x20000af0                . = ALIGN (0x4)
                0x20000af0                __bss_start__ = .
 *(SORT_BY_ALIGNMENT(SORT_BY_NAME(.bss*)))
 .bss.default_alarm_pool_entries
                0x20000af0      0x100 CMakeFiles/compass.dir/C_/VSRAM/pico/pico-sdk/src/common/pico_time/time.c.obj
 .bss.sd_table  0x20000bf0      0x100 CMakeFiles/compass.dir/C_/VSRAM/pico/pico-sdk/src/rp2_common/pico_double/double_init_rom.c.obj
                0x20000bf0                sd_table
 .bss.sf_table  0x20000cf0      0x100 CMakeFiles/compass.dir/C_/VSRAM/pico/pico-sdk/src/rp2_common/pico_float/float_init_rom.c.obj
                0x20000cf0                sf_table
 .bss           0x20000df0       0x1c c:/progra~2/gnuarm~1/102021~1.10/bin/../lib/gcc/arm-none-eabi/10.3.1/thumb/v6-m/nofp/crtbegin.o
 .bss.__lock___malloc_recursive_mutex
                0x20000e0c        0x1 c:/progra~2/gnuarm~1/102021~1.10/bin/../lib/gcc/arm-none-eabi/10.3.1/../../../../arm-none-eabi/lib/thumb/v6-m/nofp\libc.a(lib_a-lock.o)
                0x20000e0c                __lock___malloc_recursive_mutex
 *fill*         0x20000e0d        0x3 
 .bss.__lock___sfp_recursive_mutex
                0x20000e10        0x1 c:/progra~2/gnuarm~1/102021~1.10/bin/../lib/gcc/arm-none-eabi/10.3.1/../../../../arm-none-eabi/lib/thumb/v6-m/nofp\libc.a(lib_a-lock.o)
                0x20000e10                __lock___sfp_recursive_mutex
 *fill*         0x20000e11        0x3 
 .bss.__lock___sinit_recursive_mutex
                0x20000e14        0x1 c:/progra~2/gnuarm~1/102021~1.10/bin/../lib/gcc/arm-none-eabi/10.3.1/../../../../arm-none-eabi/lib/thumb/v6-m/nofp\libc.a(lib_a-lock.o)
                0x20000e14                __lock___sinit_recursive_mutex
 *fill*         0x20000e15        0x3 
 .bss.__malloc_current_mallinfo
                0x20000e18       0x28 c:/progra~2/gnuarm~1/102021~1.10/bin/../lib/gcc/arm-none-eabi/10.3.1/../../../../arm-none-eabi/lib/thumb/v6-m/nofp\libc.a(lib_a-mallocr.o)
                0x20000e18                __malloc_current_mallinfo
 .bss.__malloc_max_sbrked_mem
                0x20000e40        0x4 c:/progra~2/gnuarm~1/102021~1.10/bin/../lib/gcc/arm-none-eabi/10.3.1/../../../../arm-none-eabi/lib/thumb/v6-m/nofp\libc.a(lib_a-mallocr.o)
                0x20000e40                __malloc_max_sbrked_mem
 .bss.__malloc_max_total_mem
                0x20000e44        0x4 c:/progra~2/gnuarm~1/102021~1.10/bin/../lib/gcc/arm-none-eabi/10.3.1/../../../../arm-none-eabi/lib/thumb/v6-m/nofp\libc.a(lib_a-mallocr.o)
                0x20000e44                __malloc_max_total_mem
 .bss.__malloc_top_pad
                0x20000e48        0x4 c:/progra~2/gnuarm~1/102021~1.10/bin/../lib/gcc/arm-none-eabi/10.3.1/../../../../arm-none-eabi/lib/thumb/v6-m/nofp\libc.a(lib_a-mallocr.o)
                0x20000e48                __malloc_top_pad
 .bss.alarm_callbacks
                0x20000e4c       0x10 CMakeFiles/compass.dir/C_/VSRAM/pico/pico-sdk/src/rp2_common/hardware_timer/timer.c.obj
 .bss.configured_freq
                0x20000e5c       0x28 CMakeFiles/compass.dir/C_/VSRAM/pico/pico-sdk/src/rp2_common/hardware_clocks/clocks.c.obj
 .bss.default_alarm_pool_entry_ids_high
                0x20000e84       0x10 CMakeFiles/compass.dir/C_/VSRAM/pico/pico-sdk/src/common/pico_time/time.c.obj
 .bss.default_alarm_pool_heap_nodes
                0x20000e94       0x30 CMakeFiles/compass.dir/C_/VSRAM/pico/pico-sdk/src/common/pico_time/time.c.obj
 .bss.drivers   0x20000ec4        0x4 CMakeFiles/compass.dir/C_/VSRAM/pico/pico-sdk/src/rp2_common/pico_stdio/stdio.c.obj
 .bss.errno     0x20000ec8        0x4 c:/progra~2/gnuarm~1/102021~1.10/bin/../lib/gcc/arm-none-eabi/10.3.1/../../../../arm-none-eabi/lib/thumb/v6-m/nofp\libc.a(lib_a-reent.o)
                0x20000ec8                errno
 .bss.filter    0x20000ecc        0x4 CMakeFiles/compass.dir/C_/VSRAM/pico/pico-sdk/src/rp2_common/pico_stdio/stdio.c.obj
 .bss.gstGyroOffset
                0x20000ed0        0x6 CMakeFiles/compass.dir/lib/ICM20948.c.obj
                0x20000ed0                gstGyroOffset
 *fill*         0x20000ed6        0x2 
 .bss.heap_end.0
                0x20000ed8        0x4 CMakeFiles/compass.dir/C_/VSRAM/pico/pico-sdk/src/rp2_common/pico_runtime/runtime.c.obj
 .bss.lazy_vsnprintf
                0x20000edc        0x4 CMakeFiles/compass.dir/C_/VSRAM/pico/pico-sdk/src/rp2_common/pico_printf/printf.c.obj
 .bss.pools     0x20000ee0       0x10 CMakeFiles/compass.dir/C_/VSRAM/pico/pico-sdk/src/common/pico_time/time.c.obj
 .bss.q0        0x20000ef0        0x4 CMakeFiles/compass.dir/lib/ICM20948.c.obj
                0x20000ef0                q0
 .bss.q1        0x20000ef4        0x4 CMakeFiles/compass.dir/lib/ICM20948.c.obj
                0x20000ef4                q1
 .bss.q2        0x20000ef8        0x4 CMakeFiles/compass.dir/lib/ICM20948.c.obj
                0x20000ef8                q2
 .bss.q3        0x20000efc        0x4 CMakeFiles/compass.dir/lib/ICM20948.c.obj
                0x20000efc                q3
 .bss.sf_clz_func
                0x20000f00        0x4 CMakeFiles/compass.dir/C_/VSRAM/pico/pico-sdk/src/rp2_common/pico_double/double_init_rom.c.obj
                0x20000f00                sf_clz_func
 .bss.sleep_notifier
                0x20000f04        0x4 CMakeFiles/compass.dir/C_/VSRAM/pico/pico-sdk/src/common/pico_time/time.c.obj
 .bss.target_hi
                0x20000f08       0x10 CMakeFiles/compass.dir/C_/VSRAM/pico/pico-sdk/src/rp2_common/hardware_timer/timer.c.obj
 .bss.uart_char_to_line_feed
                0x20000f18        0x4 CMakeFiles/compass.dir/C_/VSRAM/pico/pico-sdk/src/rp2_common/hardware_uart/uart.c.obj
                0x20000f18                uart_char_to_line_feed
 .bss.uart_instance
                0x20000f1c        0x4 CMakeFiles/compass.dir/C_/VSRAM/pico/pico-sdk/src/rp2_common/pico_stdio_uart/stdio_uart.c.obj
 .bss.ss16c.0   0x20000f20        0x2 CMakeFiles/compass.dir/lib/ICM20948.c.obj
 .bss.claimed   0x20000f22        0x1 CMakeFiles/compass.dir/C_/VSRAM/pico/pico-sdk/src/rp2_common/hardware_timer/timer.c.obj
 .bss.irq_hander_chain_free_slot_head
                0x20000f23        0x1 CMakeFiles/compass.dir/C_/VSRAM/pico/pico-sdk/src/rp2_common/hardware_irq/irq.c.obj
 .bss.timer_callbacks_pending
                0x20000f24        0x1 CMakeFiles/compass.dir/C_/VSRAM/pico/pico-sdk/src/rp2_common/hardware_timer/timer.c.obj
 *(COMMON)
                0x20000f28                . = ALIGN (0x4)
 *fill*         0x20000f25        0x3 
                0x20000f28                __bss_end__ = .

.heap           0x20000f28      0x800
                0x20000f28                __end__ = .
                0x20000f28                end = __end__
 *(.heap*)
 .heap          0x20000f28      0x800 CMakeFiles/compass.dir/C_/VSRAM/pico/pico-sdk/src/rp2_common/pico_standard_link/crt0.S.obj
                0x20001728                __HeapLimit = .

.stack1_dummy   0x20040000        0x0
 *(.stack1*)

.stack_dummy    0x20041000      0x800
 *(.stack*)
 .stack         0x20041000      0x800 CMakeFiles/compass.dir/C_/VSRAM/pico/pico-sdk/src/rp2_common/pico_standard_link/crt0.S.obj

.flash_end      0x10008c68        0x0
                0x10008c68                __flash_binary_end = .
                0x20040000                __StackLimit = (ORIGIN (RAM) + LENGTH (RAM))
                0x20041000                __StackOneTop = (ORIGIN (SCRATCH_X) + LENGTH (SCRATCH_X))
                0x20042000                __StackTop = (ORIGIN (SCRATCH_Y) + LENGTH (SCRATCH_Y))
                0x20041000                __StackOneBottom = (__StackOneTop - SIZEOF (.stack1_dummy))
                0x20041800                __StackBottom = (__StackTop - SIZEOF (.stack_dummy))
                0x20042000                PROVIDE (__stack = __StackTop)
                0x00000001                ASSERT ((__StackLimit >= __HeapLimit), region RAM overflowed)
                0x00000001                ASSERT (((__binary_info_header_end - __logical_binary_start) <= 0x100), Binary info must be in first 256 bytes of the binary)
LOAD CMakeFiles/compass.dir/compass.c.obj
LOAD CMakeFiles/compass.dir/lib/fonts.c.obj
LOAD CMakeFiles/compass.dir/lib/st7735.c.obj
LOAD CMakeFiles/compass.dir/lib/DEV_Config.c.obj
LOAD CMakeFiles/compass.dir/lib/ICM20948.c.obj
LOAD CMakeFiles/compass.dir/C_/VSRAM/pico/pico-sdk/src/rp2_common/hardware_pio/pio.c.obj
LOAD CMakeFiles/compass.dir/C_/VSRAM/pico/pico-sdk/src/rp2_common/hardware_claim/claim.c.obj
LOAD CMakeFiles/compass.dir/C_/VSRAM/pico/pico-sdk/src/rp2_common/pico_platform/platform.c.obj
LOAD CMakeFiles/compass.dir/C_/VSRAM/pico/pico-sdk/src/rp2_common/hardware_sync/sync.c.obj
LOAD CMakeFiles/compass.dir/C_/VSRAM/pico/pico-sdk/src/rp2_common/hardware_gpio/gpio.c.obj
LOAD CMakeFiles/compass.dir/C_/VSRAM/pico/pico-sdk/src/rp2_common/hardware_spi/spi.c.obj
LOAD CMakeFiles/compass.dir/C_/VSRAM/pico/pico-sdk/src/rp2_common/hardware_i2c/i2c.c.obj
LOAD CMakeFiles/compass.dir/C_/VSRAM/pico/pico-sdk/src/rp2_common/pico_stdlib/stdlib.c.obj
LOAD CMakeFiles/compass.dir/C_/VSRAM/pico/pico-sdk/src/rp2_common/hardware_uart/uart.c.obj
LOAD CMakeFiles/compass.dir/C_/VSRAM/pico/pico-sdk/src/rp2_common/hardware_divider/divider.S.obj
LOAD CMakeFiles/compass.dir/C_/VSRAM/pico/pico-sdk/src/common/pico_time/time.c.obj
LOAD CMakeFiles/compass.dir/C_/VSRAM/pico/pico-sdk/src/common/pico_time/timeout_helper.c.obj
LOAD CMakeFiles/compass.dir/C_/VSRAM/pico/pico-sdk/src/rp2_common/hardware_timer/timer.c.obj
LOAD CMakeFiles/compass.dir/C_/VSRAM/pico/pico-sdk/src/common/pico_sync/sem.c.obj
LOAD CMakeFiles/compass.dir/C_/VSRAM/pico/pico-sdk/src/common/pico_sync/lock_core.c.obj
LOAD CMakeFiles/compass.dir/C_/VSRAM/pico/pico-sdk/src/common/pico_sync/mutex.c.obj
LOAD CMakeFiles/compass.dir/C_/VSRAM/pico/pico-sdk/src/common/pico_sync/critical_section.c.obj
LOAD CMakeFiles/compass.dir/C_/VSRAM/pico/pico-sdk/src/common/pico_util/datetime.c.obj
LOAD CMakeFiles/compass.dir/C_/VSRAM/pico/pico-sdk/src/common/pico_util/pheap.c.obj
LOAD CMakeFiles/compass.dir/C_/VSRAM/pico/pico-sdk/src/common/pico_util/queue.c.obj
LOAD CMakeFiles/compass.dir/C_/VSRAM/pico/pico-sdk/src/rp2_common/pico_runtime/runtime.c.obj
LOAD CMakeFiles/compass.dir/C_/VSRAM/pico/pico-sdk/src/rp2_common/hardware_clocks/clocks.c.obj
LOAD CMakeFiles/compass.dir/C_/VSRAM/pico/pico-sdk/src/rp2_common/hardware_irq/irq.c.obj
LOAD CMakeFiles/compass.dir/C_/VSRAM/pico/pico-sdk/src/rp2_common/hardware_irq/irq_handler_chain.S.obj
LOAD CMakeFiles/compass.dir/C_/VSRAM/pico/pico-sdk/src/rp2_common/hardware_pll/pll.c.obj
LOAD CMakeFiles/compass.dir/C_/VSRAM/pico/pico-sdk/src/rp2_common/hardware_vreg/vreg.c.obj
LOAD CMakeFiles/compass.dir/C_/VSRAM/pico/pico-sdk/src/rp2_common/hardware_watchdog/watchdog.c.obj
LOAD CMakeFiles/compass.dir/C_/VSRAM/pico/pico-sdk/src/rp2_common/hardware_xosc/xosc.c.obj
LOAD CMakeFiles/compass.dir/C_/VSRAM/pico/pico-sdk/src/rp2_common/pico_printf/printf.c.obj
LOAD CMakeFiles/compass.dir/C_/VSRAM/pico/pico-sdk/src/rp2_common/pico_bit_ops/bit_ops_aeabi.S.obj
LOAD CMakeFiles/compass.dir/C_/VSRAM/pico/pico-sdk/src/rp2_common/pico_bootrom/bootrom.c.obj
LOAD CMakeFiles/compass.dir/C_/VSRAM/pico/pico-sdk/src/rp2_common/pico_divider/divider.S.obj
LOAD CMakeFiles/compass.dir/C_/VSRAM/pico/pico-sdk/src/rp2_common/pico_double/double_aeabi.S.obj
LOAD CMakeFiles/compass.dir/C_/VSRAM/pico/pico-sdk/src/rp2_common/pico_double/double_init_rom.c.obj
LOAD CMakeFiles/compass.dir/C_/VSRAM/pico/pico-sdk/src/rp2_common/pico_double/double_math.c.obj
LOAD CMakeFiles/compass.dir/C_/VSRAM/pico/pico-sdk/src/rp2_common/pico_double/double_v1_rom_shim.S.obj
LOAD CMakeFiles/compass.dir/C_/VSRAM/pico/pico-sdk/src/rp2_common/pico_int64_ops/pico_int64_ops_aeabi.S.obj
LOAD CMakeFiles/compass.dir/C_/VSRAM/pico/pico-sdk/src/rp2_common/pico_float/float_aeabi.S.obj
LOAD CMakeFiles/compass.dir/C_/VSRAM/pico/pico-sdk/src/rp2_common/pico_float/float_init_rom.c.obj
LOAD CMakeFiles/compass.dir/C_/VSRAM/pico/pico-sdk/src/rp2_common/pico_float/float_math.c.obj
LOAD CMakeFiles/compass.dir/C_/VSRAM/pico/pico-sdk/src/rp2_common/pico_float/float_v1_rom_shim.S.obj
LOAD CMakeFiles/compass.dir/C_/VSRAM/pico/pico-sdk/src/rp2_common/pico_malloc/pico_malloc.c.obj
LOAD CMakeFiles/compass.dir/C_/VSRAM/pico/pico-sdk/src/rp2_common/pico_mem_ops/mem_ops_aeabi.S.obj
LOAD CMakeFiles/compass.dir/C_/VSRAM/pico/pico-sdk/src/rp2_common/pico_standard_link/crt0.S.obj
LOAD CMakeFiles/compass.dir/C_/VSRAM/pico/pico-sdk/src/rp2_common/pico_standard_link/new_delete.cpp.obj
LOAD CMakeFiles/compass.dir/C_/VSRAM/pico/pico-sdk/src/rp2_common/pico_standard_link/binary_info.c.obj
LOAD CMakeFiles/compass.dir/C_/VSRAM/pico/pico-sdk/src/rp2_common/pico_stdio/stdio.c.obj
LOAD CMakeFiles/compass.dir/C_/VSRAM/pico/pico-sdk/src/rp2_common/pico_stdio_uart/stdio_uart.c.obj
LOAD C:\Users\james\AppData\Local\Temp\ccU2mbvx.o
LOAD c:/progra~2/gnuarm~1/102021~1.10/bin/../lib/gcc/arm-none-eabi/10.3.1/../../../../arm-none-eabi/lib/thumb/v6-m/nofp\libstdc++.a
LOAD c:/progra~2/gnuarm~1/102021~1.10/bin/../lib/gcc/arm-none-eabi/10.3.1/../../../../arm-none-eabi/lib/thumb/v6-m/nofp\libm.a
START GROUP
LOAD c:/progra~2/gnuarm~1/102021~1.10/bin/../lib/gcc/arm-none-eabi/10.3.1/thumb/v6-m/nofp\libgcc.a
LOAD c:/progra~2/gnuarm~1/102021~1.10/bin/../lib/gcc/arm-none-eabi/10.3.1/../../../../arm-none-eabi/lib/thumb/v6-m/nofp\libc.a
END GROUP
START GROUP
LOAD c:/progra~2/gnuarm~1/102021~1.10/bin/../lib/gcc/arm-none-eabi/10.3.1/thumb/v6-m/nofp\libgcc.a
LOAD c:/progra~2/gnuarm~1/102021~1.10/bin/../lib/gcc/arm-none-eabi/10.3.1/../../../../arm-none-eabi/lib/thumb/v6-m/nofp\libc.a
LOAD c:/progra~2/gnuarm~1/102021~1.10/bin/../lib/gcc/arm-none-eabi/10.3.1/../../../../arm-none-eabi/lib/thumb/v6-m/nofp\libnosys.a
END GROUP
LOAD c:/progra~2/gnuarm~1/102021~1.10/bin/../lib/gcc/arm-none-eabi/10.3.1/thumb/v6-m/nofp/crtend.o
LOAD c:/progra~2/gnuarm~1/102021~1.10/bin/../lib/gcc/arm-none-eabi/10.3.1/thumb/v6-m/nofp/crtn.o
OUTPUT(compass.elf elf32-littlearm)
LOAD linker stubs

.ARM.attributes
                0x00000000       0x28
 .ARM.attributes
                0x00000000       0x1e c:/progra~2/gnuarm~1/102021~1.10/bin/../lib/gcc/arm-none-eabi/10.3.1/thumb/v6-m/nofp/crti.o
 .ARM.attributes
                0x0000001e       0x2c c:/progra~2/gnuarm~1/102021~1.10/bin/../lib/gcc/arm-none-eabi/10.3.1/thumb/v6-m/nofp/crtbegin.o
 .ARM.attributes
                0x0000004a       0x2c CMakeFiles/compass.dir/compass.c.obj
 .ARM.attributes
                0x00000076       0x2c CMakeFiles/compass.dir/lib/fonts.c.obj
 .ARM.attributes
                0x000000a2       0x2c CMakeFiles/compass.dir/lib/st7735.c.obj
 .ARM.attributes
                0x000000ce       0x2c CMakeFiles/compass.dir/lib/DEV_Config.c.obj
 .ARM.attributes
                0x000000fa       0x2c CMakeFiles/compass.dir/lib/ICM20948.c.obj
 .ARM.attributes
                0x00000126       0x2c CMakeFiles/compass.dir/C_/VSRAM/pico/pico-sdk/src/rp2_common/hardware_claim/claim.c.obj
 .ARM.attributes
                0x00000152       0x2c CMakeFiles/compass.dir/C_/VSRAM/pico/pico-sdk/src/rp2_common/pico_platform/platform.c.obj
 .ARM.attributes
                0x0000017e       0x2c CMakeFiles/compass.dir/C_/VSRAM/pico/pico-sdk/src/rp2_common/hardware_sync/sync.c.obj
 .ARM.attributes
                0x000001aa       0x2c CMakeFiles/compass.dir/C_/VSRAM/pico/pico-sdk/src/rp2_common/hardware_gpio/gpio.c.obj
 .ARM.attributes
                0x000001d6       0x2c CMakeFiles/compass.dir/C_/VSRAM/pico/pico-sdk/src/rp2_common/hardware_spi/spi.c.obj
 .ARM.attributes
                0x00000202       0x2c CMakeFiles/compass.dir/C_/VSRAM/pico/pico-sdk/src/rp2_common/hardware_i2c/i2c.c.obj
 .ARM.attributes
                0x0000022e       0x2c CMakeFiles/compass.dir/C_/VSRAM/pico/pico-sdk/src/rp2_common/hardware_uart/uart.c.obj
 .ARM.attributes
                0x0000025a       0x2c CMakeFiles/compass.dir/C_/VSRAM/pico/pico-sdk/src/common/pico_time/time.c.obj
 .ARM.attributes
                0x00000286       0x2c CMakeFiles/compass.dir/C_/VSRAM/pico/pico-sdk/src/rp2_common/hardware_timer/timer.c.obj
 .ARM.attributes
                0x000002b2       0x2c CMakeFiles/compass.dir/C_/VSRAM/pico/pico-sdk/src/common/pico_sync/lock_core.c.obj
 .ARM.attributes
                0x000002de       0x2c CMakeFiles/compass.dir/C_/VSRAM/pico/pico-sdk/src/common/pico_sync/mutex.c.obj
 .ARM.attributes
                0x0000030a       0x2c CMakeFiles/compass.dir/C_/VSRAM/pico/pico-sdk/src/common/pico_util/pheap.c.obj
 .ARM.attributes
                0x00000336       0x2c CMakeFiles/compass.dir/C_/VSRAM/pico/pico-sdk/src/rp2_common/pico_runtime/runtime.c.obj
 .ARM.attributes
                0x00000362       0x2c CMakeFiles/compass.dir/C_/VSRAM/pico/pico-sdk/src/rp2_common/hardware_clocks/clocks.c.obj
 .ARM.attributes
                0x0000038e       0x2c CMakeFiles/compass.dir/C_/VSRAM/pico/pico-sdk/src/rp2_common/hardware_irq/irq.c.obj
 .ARM.attributes
                0x000003ba       0x22 CMakeFiles/compass.dir/C_/VSRAM/pico/pico-sdk/src/rp2_common/hardware_irq/irq_handler_chain.S.obj
 .ARM.attributes
                0x000003dc       0x2c CMakeFiles/compass.dir/C_/VSRAM/pico/pico-sdk/src/rp2_common/hardware_pll/pll.c.obj
 .ARM.attributes
                0x00000408       0x2c CMakeFiles/compass.dir/C_/VSRAM/pico/pico-sdk/src/rp2_common/hardware_watchdog/watchdog.c.obj
 .ARM.attributes
                0x00000434       0x2c CMakeFiles/compass.dir/C_/VSRAM/pico/pico-sdk/src/rp2_common/hardware_xosc/xosc.c.obj
 .ARM.attributes
                0x00000460       0x2c CMakeFiles/compass.dir/C_/VSRAM/pico/pico-sdk/src/rp2_common/pico_printf/printf.c.obj
 .ARM.attributes
                0x0000048c       0x22 CMakeFiles/compass.dir/C_/VSRAM/pico/pico-sdk/src/rp2_common/pico_bit_ops/bit_ops_aeabi.S.obj
 .ARM.attributes
                0x000004ae       0x2c CMakeFiles/compass.dir/C_/VSRAM/pico/pico-sdk/src/rp2_common/pico_bootrom/bootrom.c.obj
 .ARM.attributes
                0x000004da       0x22 CMakeFiles/compass.dir/C_/VSRAM/pico/pico-sdk/src/rp2_common/pico_divider/divider.S.obj
 .ARM.attributes
                0x000004fc       0x22 CMakeFiles/compass.dir/C_/VSRAM/pico/pico-sdk/src/rp2_common/pico_double/double_aeabi.S.obj
 .ARM.attributes
                0x0000051e       0x2c CMakeFiles/compass.dir/C_/VSRAM/pico/pico-sdk/src/rp2_common/pico_double/double_init_rom.c.obj
 .ARM.attributes
                0x0000054a       0x22 CMakeFiles/compass.dir/C_/VSRAM/pico/pico-sdk/src/rp2_common/pico_double/double_v1_rom_shim.S.obj
 .ARM.attributes
                0x0000056c       0x22 CMakeFiles/compass.dir/C_/VSRAM/pico/pico-sdk/src/rp2_common/pico_int64_ops/pico_int64_ops_aeabi.S.obj
 .ARM.attributes
                0x0000058e       0x22 CMakeFiles/compass.dir/C_/VSRAM/pico/pico-sdk/src/rp2_common/pico_float/float_aeabi.S.obj
 .ARM.attributes
                0x000005b0       0x2c CMakeFiles/compass.dir/C_/VSRAM/pico/pico-sdk/src/rp2_common/pico_float/float_init_rom.c.obj
 .ARM.attributes
                0x000005dc       0x22 CMakeFiles/compass.dir/C_/VSRAM/pico/pico-sdk/src/rp2_common/pico_float/float_v1_rom_shim.S.obj
 .ARM.attributes
                0x000005fe       0x2c CMakeFiles/compass.dir/C_/VSRAM/pico/pico-sdk/src/rp2_common/pico_malloc/pico_malloc.c.obj
 .ARM.attributes
                0x0000062a       0x22 CMakeFiles/compass.dir/C_/VSRAM/pico/pico-sdk/src/rp2_common/pico_mem_ops/mem_ops_aeabi.S.obj
 .ARM.attributes
                0x0000064c       0x22 CMakeFiles/compass.dir/C_/VSRAM/pico/pico-sdk/src/rp2_common/pico_standard_link/crt0.S.obj
 .ARM.attributes
                0x0000066e       0x2c CMakeFiles/compass.dir/C_/VSRAM/pico/pico-sdk/src/rp2_common/pico_standard_link/binary_info.c.obj
 .ARM.attributes
                0x0000069a       0x2c CMakeFiles/compass.dir/C_/VSRAM/pico/pico-sdk/src/rp2_common/pico_stdio/stdio.c.obj
 .ARM.attributes
                0x000006c6       0x2c CMakeFiles/compass.dir/C_/VSRAM/pico/pico-sdk/src/rp2_common/pico_stdio_uart/stdio_uart.c.obj
 .ARM.attributes
                0x000006f2       0x22 C:\Users\james\AppData\Local\Temp\ccU2mbvx.o
 .ARM.attributes
                0x00000714       0x1e c:/progra~2/gnuarm~1/102021~1.10/bin/../lib/gcc/arm-none-eabi/10.3.1/thumb/v6-m/nofp\libgcc.a(_dvmd_tls.o)
 .ARM.attributes
                0x00000732       0x2c c:/progra~2/gnuarm~1/102021~1.10/bin/../lib/gcc/arm-none-eabi/10.3.1/../../../../arm-none-eabi/lib/thumb/v6-m/nofp\libc.a(lib_a-impure.o)
 .ARM.attributes
                0x0000075e       0x2c c:/progra~2/gnuarm~1/102021~1.10/bin/../lib/gcc/arm-none-eabi/10.3.1/../../../../arm-none-eabi/lib/thumb/v6-m/nofp\libc.a(lib_a-malloc.o)
 .ARM.attributes
                0x0000078a       0x2c c:/progra~2/gnuarm~1/102021~1.10/bin/../lib/gcc/arm-none-eabi/10.3.1/../../../../arm-none-eabi/lib/thumb/v6-m/nofp\libc.a(lib_a-mallocr.o)
 .ARM.attributes
                0x000007b6       0x2c c:/progra~2/gnuarm~1/102021~1.10/bin/../lib/gcc/arm-none-eabi/10.3.1/../../../../arm-none-eabi/lib/thumb/v6-m/nofp\libc.a(lib_a-mlock.o)
 .ARM.attributes
                0x000007e2       0x2c c:/progra~2/gnuarm~1/102021~1.10/bin/../lib/gcc/arm-none-eabi/10.3.1/../../../../arm-none-eabi/lib/thumb/v6-m/nofp\libc.a(lib_a-sbrkr.o)
 .ARM.attributes
                0x0000080e       0x2c c:/progra~2/gnuarm~1/102021~1.10/bin/../lib/gcc/arm-none-eabi/10.3.1/../../../../arm-none-eabi/lib/thumb/v6-m/nofp\libc.a(lib_a-setvbuf.o)
 .ARM.attributes
                0x0000083a       0x2c c:/progra~2/gnuarm~1/102021~1.10/bin/../lib/gcc/arm-none-eabi/10.3.1/../../../../arm-none-eabi/lib/thumb/v6-m/nofp\libc.a(lib_a-strlen-stub.o)
 .ARM.attributes
                0x00000866       0x2c c:/progra~2/gnuarm~1/102021~1.10/bin/../lib/gcc/arm-none-eabi/10.3.1/../../../../arm-none-eabi/lib/thumb/v6-m/nofp\libc.a(lib_a-fflush.o)
 .ARM.attributes
                0x00000892       0x2c c:/progra~2/gnuarm~1/102021~1.10/bin/../lib/gcc/arm-none-eabi/10.3.1/../../../../arm-none-eabi/lib/thumb/v6-m/nofp\libc.a(lib_a-findfp.o)
 .ARM.attributes
                0x000008be       0x2c c:/progra~2/gnuarm~1/102021~1.10/bin/../lib/gcc/arm-none-eabi/10.3.1/../../../../arm-none-eabi/lib/thumb/v6-m/nofp\libc.a(lib_a-freer.o)
 .ARM.attributes
                0x000008ea       0x2c c:/progra~2/gnuarm~1/102021~1.10/bin/../lib/gcc/arm-none-eabi/10.3.1/../../../../arm-none-eabi/lib/thumb/v6-m/nofp\libc.a(lib_a-fwalk.o)
 .ARM.attributes
                0x00000916       0x2c c:/progra~2/gnuarm~1/102021~1.10/bin/../lib/gcc/arm-none-eabi/10.3.1/../../../../arm-none-eabi/lib/thumb/v6-m/nofp\libc.a(lib_a-lock.o)
 .ARM.attributes
                0x00000942       0x2c c:/progra~2/gnuarm~1/102021~1.10/bin/../lib/gcc/arm-none-eabi/10.3.1/../../../../arm-none-eabi/lib/thumb/v6-m/nofp\libc.a(lib_a-makebuf.o)
 .ARM.attributes
                0x0000096e       0x2c c:/progra~2/gnuarm~1/102021~1.10/bin/../lib/gcc/arm-none-eabi/10.3.1/../../../../arm-none-eabi/lib/thumb/v6-m/nofp\libc.a(lib_a-reent.o)
 .ARM.attributes
                0x0000099a       0x2c c:/progra~2/gnuarm~1/102021~1.10/bin/../lib/gcc/arm-none-eabi/10.3.1/../../../../arm-none-eabi/lib/thumb/v6-m/nofp\libc.a(lib_a-stdio.o)
 .ARM.attributes
                0x000009c6       0x2c c:/progra~2/gnuarm~1/102021~1.10/bin/../lib/gcc/arm-none-eabi/10.3.1/../../../../arm-none-eabi/lib/thumb/v6-m/nofp\libc.a(lib_a-writer.o)
 .ARM.attributes
                0x000009f2       0x2c c:/progra~2/gnuarm~1/102021~1.10/bin/../lib/gcc/arm-none-eabi/10.3.1/../../../../arm-none-eabi/lib/thumb/v6-m/nofp\libc.a(lib_a-closer.o)
 .ARM.attributes
                0x00000a1e       0x2c c:/progra~2/gnuarm~1/102021~1.10/bin/../lib/gcc/arm-none-eabi/10.3.1/../../../../arm-none-eabi/lib/thumb/v6-m/nofp\libc.a(lib_a-fclose.o)
 .ARM.attributes
                0x00000a4a       0x2c c:/progra~2/gnuarm~1/102021~1.10/bin/../lib/gcc/arm-none-eabi/10.3.1/../../../../arm-none-eabi/lib/thumb/v6-m/nofp\libc.a(lib_a-fstatr.o)
 .ARM.attributes
                0x00000a76       0x2c c:/progra~2/gnuarm~1/102021~1.10/bin/../lib/gcc/arm-none-eabi/10.3.1/../../../../arm-none-eabi/lib/thumb/v6-m/nofp\libc.a(lib_a-lseekr.o)
 .ARM.attributes
                0x00000aa2       0x2c c:/progra~2/gnuarm~1/102021~1.10/bin/../lib/gcc/arm-none-eabi/10.3.1/../../../../arm-none-eabi/lib/thumb/v6-m/nofp\libc.a(lib_a-readr.o)
 .ARM.attributes
                0x00000ace       0x2c c:/progra~2/gnuarm~1/102021~1.10/bin/../lib/gcc/arm-none-eabi/10.3.1/../../../../arm-none-eabi/lib/thumb/v6-m/nofp\libnosys.a(close.o)
 .ARM.attributes
                0x00000afa       0x2c c:/progra~2/gnuarm~1/102021~1.10/bin/../lib/gcc/arm-none-eabi/10.3.1/../../../../arm-none-eabi/lib/thumb/v6-m/nofp\libnosys.a(fstat.o)
 .ARM.attributes
                0x00000b26       0x2c c:/progra~2/gnuarm~1/102021~1.10/bin/../lib/gcc/arm-none-eabi/10.3.1/../../../../arm-none-eabi/lib/thumb/v6-m/nofp\libnosys.a(lseek.o)

.comment        0x00000000       0x49
 .comment       0x00000000       0x49 CMakeFiles/compass.dir/compass.c.obj
                                 0x4a (size before relaxing)
 .comment       0x00000049       0x4a CMakeFiles/compass.dir/lib/fonts.c.obj
 .comment       0x00000049       0x4a CMakeFiles/compass.dir/lib/st7735.c.obj
 .comment       0x00000049       0x4a CMakeFiles/compass.dir/lib/DEV_Config.c.obj
 .comment       0x00000049       0x4a CMakeFiles/compass.dir/lib/ICM20948.c.obj
 .comment       0x00000049       0x4a CMakeFiles/compass.dir/C_/VSRAM/pico/pico-sdk/src/rp2_common/hardware_claim/claim.c.obj
 .comment       0x00000049       0x4a CMakeFiles/compass.dir/C_/VSRAM/pico/pico-sdk/src/rp2_common/pico_platform/platform.c.obj
 .comment       0x00000049       0x4a CMakeFiles/compass.dir/C_/VSRAM/pico/pico-sdk/src/rp2_common/hardware_sync/sync.c.obj
 .comment       0x00000049       0x4a CMakeFiles/compass.dir/C_/VSRAM/pico/pico-sdk/src/rp2_common/hardware_gpio/gpio.c.obj
 .comment       0x00000049       0x4a CMakeFiles/compass.dir/C_/VSRAM/pico/pico-sdk/src/rp2_common/hardware_spi/spi.c.obj
 .comment       0x00000049       0x4a CMakeFiles/compass.dir/C_/VSRAM/pico/pico-sdk/src/rp2_common/hardware_i2c/i2c.c.obj
 .comment       0x00000049       0x4a CMakeFiles/compass.dir/C_/VSRAM/pico/pico-sdk/src/rp2_common/hardware_uart/uart.c.obj
 .comment       0x00000049       0x4a CMakeFiles/compass.dir/C_/VSRAM/pico/pico-sdk/src/common/pico_time/time.c.obj
 .comment       0x00000049       0x4a CMakeFiles/compass.dir/C_/VSRAM/pico/pico-sdk/src/rp2_common/hardware_timer/timer.c.obj
 .comment       0x00000049       0x4a CMakeFiles/compass.dir/C_/VSRAM/pico/pico-sdk/src/common/pico_sync/lock_core.c.obj
 .comment       0x00000049       0x4a CMakeFiles/compass.dir/C_/VSRAM/pico/pico-sdk/src/common/pico_sync/mutex.c.obj
 .comment       0x00000049       0x4a CMakeFiles/compass.dir/C_/VSRAM/pico/pico-sdk/src/common/pico_util/pheap.c.obj
 .comment       0x00000049       0x4a CMakeFiles/compass.dir/C_/VSRAM/pico/pico-sdk/src/rp2_common/pico_runtime/runtime.c.obj
 .comment       0x00000049       0x4a CMakeFiles/compass.dir/C_/VSRAM/pico/pico-sdk/src/rp2_common/hardware_clocks/clocks.c.obj
 .comment       0x00000049       0x4a CMakeFiles/compass.dir/C_/VSRAM/pico/pico-sdk/src/rp2_common/hardware_irq/irq.c.obj
 .comment       0x00000049       0x4a CMakeFiles/compass.dir/C_/VSRAM/pico/pico-sdk/src/rp2_common/hardware_pll/pll.c.obj
 .comment       0x00000049       0x4a CMakeFiles/compass.dir/C_/VSRAM/pico/pico-sdk/src/rp2_common/hardware_watchdog/watchdog.c.obj
 .comment       0x00000049       0x4a CMakeFiles/compass.dir/C_/VSRAM/pico/pico-sdk/src/rp2_common/hardware_xosc/xosc.c.obj
 .comment       0x00000049       0x4a CMakeFiles/compass.dir/C_/VSRAM/pico/pico-sdk/src/rp2_common/pico_printf/printf.c.obj
 .comment       0x00000049       0x4a CMakeFiles/compass.dir/C_/VSRAM/pico/pico-sdk/src/rp2_common/pico_bootrom/bootrom.c.obj
 .comment       0x00000049       0x4a CMakeFiles/compass.dir/C_/VSRAM/pico/pico-sdk/src/rp2_common/pico_double/double_init_rom.c.obj
 .comment       0x00000049       0x4a CMakeFiles/compass.dir/C_/VSRAM/pico/pico-sdk/src/rp2_common/pico_float/float_init_rom.c.obj
 .comment       0x00000049       0x4a CMakeFiles/compass.dir/C_/VSRAM/pico/pico-sdk/src/rp2_common/pico_malloc/pico_malloc.c.obj
 .comment       0x00000049       0x4a CMakeFiles/compass.dir/C_/VSRAM/pico/pico-sdk/src/rp2_common/pico_standard_link/binary_info.c.obj
 .comment       0x00000049       0x4a CMakeFiles/compass.dir/C_/VSRAM/pico/pico-sdk/src/rp2_common/pico_stdio/stdio.c.obj
 .comment       0x00000049       0x4a CMakeFiles/compass.dir/C_/VSRAM/pico/pico-sdk/src/rp2_common/pico_stdio_uart/stdio_uart.c.obj

.debug_frame    0x00000000      0x740
 .debug_frame   0x00000000       0x40 c:/progra~2/gnuarm~1/102021~1.10/bin/../lib/gcc/arm-none-eabi/10.3.1/../../../../arm-none-eabi/lib/thumb/v6-m/nofp\libc.a(lib_a-malloc.o)
 .debug_frame   0x00000040       0x3c c:/progra~2/gnuarm~1/102021~1.10/bin/../lib/gcc/arm-none-eabi/10.3.1/../../../../arm-none-eabi/lib/thumb/v6-m/nofp\libc.a(lib_a-mallocr.o)
 .debug_frame   0x0000007c       0x40 c:/progra~2/gnuarm~1/102021~1.10/bin/../lib/gcc/arm-none-eabi/10.3.1/../../../../arm-none-eabi/lib/thumb/v6-m/nofp\libc.a(lib_a-mlock.o)
 .debug_frame   0x000000bc       0x2c c:/progra~2/gnuarm~1/102021~1.10/bin/../lib/gcc/arm-none-eabi/10.3.1/../../../../arm-none-eabi/lib/thumb/v6-m/nofp\libc.a(lib_a-sbrkr.o)
 .debug_frame   0x000000e8       0x38 c:/progra~2/gnuarm~1/102021~1.10/bin/../lib/gcc/arm-none-eabi/10.3.1/../../../../arm-none-eabi/lib/thumb/v6-m/nofp\libc.a(lib_a-setvbuf.o)
 .debug_frame   0x00000120       0x28 c:/progra~2/gnuarm~1/102021~1.10/bin/../lib/gcc/arm-none-eabi/10.3.1/../../../../arm-none-eabi/lib/thumb/v6-m/nofp\libc.a(lib_a-strlen-stub.o)
 .debug_frame   0x00000148       0x6c c:/progra~2/gnuarm~1/102021~1.10/bin/../lib/gcc/arm-none-eabi/10.3.1/../../../../arm-none-eabi/lib/thumb/v6-m/nofp\libc.a(lib_a-fflush.o)
 .debug_frame   0x000001b4      0x170 c:/progra~2/gnuarm~1/102021~1.10/bin/../lib/gcc/arm-none-eabi/10.3.1/../../../../arm-none-eabi/lib/thumb/v6-m/nofp\libc.a(lib_a-findfp.o)
 .debug_frame   0x00000324       0x54 c:/progra~2/gnuarm~1/102021~1.10/bin/../lib/gcc/arm-none-eabi/10.3.1/../../../../arm-none-eabi/lib/thumb/v6-m/nofp\libc.a(lib_a-freer.o)
 .debug_frame   0x00000378       0x5c c:/progra~2/gnuarm~1/102021~1.10/bin/../lib/gcc/arm-none-eabi/10.3.1/../../../../arm-none-eabi/lib/thumb/v6-m/nofp\libc.a(lib_a-fwalk.o)
 .debug_frame   0x000003d4       0xb0 c:/progra~2/gnuarm~1/102021~1.10/bin/../lib/gcc/arm-none-eabi/10.3.1/../../../../arm-none-eabi/lib/thumb/v6-m/nofp\libc.a(lib_a-lock.o)
 .debug_frame   0x00000484       0x58 c:/progra~2/gnuarm~1/102021~1.10/bin/../lib/gcc/arm-none-eabi/10.3.1/../../../../arm-none-eabi/lib/thumb/v6-m/nofp\libc.a(lib_a-makebuf.o)
 .debug_frame   0x000004dc       0x50 c:/progra~2/gnuarm~1/102021~1.10/bin/../lib/gcc/arm-none-eabi/10.3.1/../../../../arm-none-eabi/lib/thumb/v6-m/nofp\libc.a(lib_a-reent.o)
 .debug_frame   0x0000052c       0x90 c:/progra~2/gnuarm~1/102021~1.10/bin/../lib/gcc/arm-none-eabi/10.3.1/../../../../arm-none-eabi/lib/thumb/v6-m/nofp\libc.a(lib_a-stdio.o)
 .debug_frame   0x000005bc       0x2c c:/progra~2/gnuarm~1/102021~1.10/bin/../lib/gcc/arm-none-eabi/10.3.1/../../../../arm-none-eabi/lib/thumb/v6-m/nofp\libc.a(lib_a-writer.o)
 .debug_frame   0x000005e8       0x2c c:/progra~2/gnuarm~1/102021~1.10/bin/../lib/gcc/arm-none-eabi/10.3.1/../../../../arm-none-eabi/lib/thumb/v6-m/nofp\libc.a(lib_a-closer.o)
 .debug_frame   0x00000614       0x48 c:/progra~2/gnuarm~1/102021~1.10/bin/../lib/gcc/arm-none-eabi/10.3.1/../../../../arm-none-eabi/lib/thumb/v6-m/nofp\libc.a(lib_a-fclose.o)
 .debug_frame   0x0000065c       0x2c c:/progra~2/gnuarm~1/102021~1.10/bin/../lib/gcc/arm-none-eabi/10.3.1/../../../../arm-none-eabi/lib/thumb/v6-m/nofp\libc.a(lib_a-fstatr.o)
 .debug_frame   0x00000688       0x2c c:/progra~2/gnuarm~1/102021~1.10/bin/../lib/gcc/arm-none-eabi/10.3.1/../../../../arm-none-eabi/lib/thumb/v6-m/nofp\libc.a(lib_a-lseekr.o)
 .debug_frame   0x000006b4       0x2c c:/progra~2/gnuarm~1/102021~1.10/bin/../lib/gcc/arm-none-eabi/10.3.1/../../../../arm-none-eabi/lib/thumb/v6-m/nofp\libc.a(lib_a-readr.o)
 .debug_frame   0x000006e0       0x20 c:/progra~2/gnuarm~1/102021~1.10/bin/../lib/gcc/arm-none-eabi/10.3.1/../../../../arm-none-eabi/lib/thumb/v6-m/nofp\libnosys.a(close.o)
 .debug_frame   0x00000700       0x20 c:/progra~2/gnuarm~1/102021~1.10/bin/../lib/gcc/arm-none-eabi/10.3.1/../../../../arm-none-eabi/lib/thumb/v6-m/nofp\libnosys.a(fstat.o)
 .debug_frame   0x00000720       0x20 c:/progra~2/gnuarm~1/102021~1.10/bin/../lib/gcc/arm-none-eabi/10.3.1/../../../../arm-none-eabi/lib/thumb/v6-m/nofp\libnosys.a(lseek.o)

.stab           0x00000000       0x54
 .stab          0x00000000       0x24 c:/progra~2/gnuarm~1/102021~1.10/bin/../lib/gcc/arm-none-eabi/10.3.1/../../../../arm-none-eabi/lib/thumb/v6-m/nofp\libnosys.a(close.o)
 .stab          0x00000024       0x18 c:/progra~2/gnuarm~1/102021~1.10/bin/../lib/gcc/arm-none-eabi/10.3.1/../../../../arm-none-eabi/lib/thumb/v6-m/nofp\libnosys.a(fstat.o)
                                 0x24 (size before relaxing)
 .stab          0x0000003c       0x18 c:/progra~2/gnuarm~1/102021~1.10/bin/../lib/gcc/arm-none-eabi/10.3.1/../../../../arm-none-eabi/lib/thumb/v6-m/nofp\libnosys.a(lseek.o)
                                 0x24 (size before relaxing)

.stabstr        0x00000000       0xe3
 .stabstr       0x00000000       0xe3 c:/progra~2/gnuarm~1/102021~1.10/bin/../lib/gcc/arm-none-eabi/10.3.1/../../../../arm-none-eabi/lib/thumb/v6-m/nofp\libnosys.a(close.o)
